172.226.28.20 - - [10/Dec/2024:20:27:52 +0000] "GET /_wdt/247d6b?XDEBUG_IGNORE=1 HTTP/1.1" 404 514 "https://duofilms.media/" "Mozilla/5.0 (iPhone; CPU iPhone OS 18_1_1 like Mac OS X) AppleWebKit/605.1.15 (KHTML, like Gecko) Version/18.1.1 Mobile/15E148 Safari/604.1"
91.175.58.202 - - [10/Dec/2024:20:27:52 +0000] "GET /_wdt/7f78be?XDEBUG_IGNORE=1 HTTP/1.1" 404 515 "https://duofilms.media/" "Mozilla/5.0 (X11; Linux x86_64) AppleWebKit/537.36 (KHTML, like Gecko) Chrome/131.0.0.0 Safari/537.36"
172.226.28.20 - - [10/Dec/2024:20:27:53 +0000] "GET /_wdt/247d6b?XDEBUG_IGNORE=1 HTTP/1.1" 404 514 "https://duofilms.media/" "Mozilla/5.0 (iPhone; CPU iPhone OS 18_1_1 like Mac OS X) AppleWebKit/605.1.15 (KHTML, like Gecko) Version/18.1.1 Mobile/15E148 Safari/604.1"
91.175.58.202 - - [10/Dec/2024:20:27:53 +0000] "GET /_wdt/7f78be?XDEBUG_IGNORE=1 HTTP/1.1" 404 515 "https://duofilms.media/" "Mozilla/5.0 (X11; Linux x86_64) AppleWebKit/537.36 (KHTML, like Gecko) Chrome/131.0.0.0 Safari/537.36"
172.226.28.20 - - [10/Dec/2024:20:27:54 +0000] "GET /_wdt/247d6b?XDEBUG_IGNORE=1 HTTP/1.1" 404 479 "https://duofilms.media/" "Mozilla/5.0 (iPhone; CPU iPhone OS 18_1_1 like Mac OS X) AppleWebKit/605.1.15 (KHTML, like Gecko) Version/18.1.1 Mobile/15E148 Safari/604.1"
91.175.58.202 - - [10/Dec/2024:20:27:54 +0000] "GET /_wdt/7f78be?XDEBUG_IGNORE=1 HTTP/1.1" 404 515 "https://duofilms.media/" "Mozilla/5.0 (X11; Linux x86_64) AppleWebKit/537.36 (KHTML, like Gecko) Chrome/131.0.0.0 Safari/537.36"
172.226.28.20 - - [10/Dec/2024:20:27:55 +0000] "GET /_wdt/247d6b?XDEBUG_IGNORE=1 HTTP/1.1" 404 3084 "https://duofilms.media/" "Mozilla/5.0 (iPhone; CPU iPhone OS 18_1_1 like Mac OS X) AppleWebKit/605.1.15 (KHTML, like Gecko) Version/18.1.1 Mobile/15E148 Safari/604.1"
91.175.58.202 - - [10/Dec/2024:20:27:55 +0000] "GET /_wdt/7f78be?XDEBUG_IGNORE=1 HTTP/1.1" 404 515 "https://duofilms.media/" "Mozilla/5.0 (X11; Linux x86_64) AppleWebKit/537.36 (KHTML, like Gecko) Chrome/131.0.0.0 Safari/537.36"
172.226.28.20 - - [10/Dec/2024:20:27:56 +0000] "GET /_wdt/247d6b?XDEBUG_IGNORE=1 HTTP/1.1" 404 515 "https://duofilms.media/" "Mozilla/5.0 (iPhone; CPU iPhone OS 18_1_1 like Mac OS X) AppleWebKit/605.1.15 (KHTML, like Gecko) Version/18.1.1 Mobile/15E148 Safari/604.1"
91.175.58.202 - - [10/Dec/2024:20:27:56 +0000] "GET /_wdt/7f78be?XDEBUG_IGNORE=1 HTTP/1.1" 404 515 "https://duofilms.media/" "Mozilla/5.0 (X11; Linux x86_64) AppleWebKit/537.36 (KHTML, like Gecko) Chrome/131.0.0.0 Safari/537.36"
172.226.28.20 - - [10/Dec/2024:20:27:57 +0000] "GET /_wdt/247d6b?XDEBUG_IGNORE=1 HTTP/1.1" 404 515 "https://duofilms.media/" "Mozilla/5.0 (iPhone; CPU iPhone OS 18_1_1 like Mac OS X) AppleWebKit/605.1.15 (KHTML, like Gecko) Version/18.1.1 Mobile/15E148 Safari/604.1"
91.175.58.202 - - [10/Dec/2024:20:27:57 +0000] "GET /_wdt/7f78be?XDEBUG_IGNORE=1 HTTP/1.1" 404 515 "https://duofilms.media/" "Mozilla/5.0 (X11; Linux x86_64) AppleWebKit/537.36 (KHTML, like Gecko) Chrome/131.0.0.0 Safari/537.36"
172.226.28.20 - - [10/Dec/2024:20:27:58 +0000] "GET /_wdt/247d6b?XDEBUG_IGNORE=1 HTTP/1.1" 404 515 "https://duofilms.media/" "Mozilla/5.0 (iPhone; CPU iPhone OS 18_1_1 like Mac OS X) AppleWebKit/605.1.15 (KHTML, like Gecko) Version/18.1.1 Mobile/15E148 Safari/604.1"
91.175.58.202 - - [10/Dec/2024:20:27:58 +0000] "GET /_wdt/7f78be?XDEBUG_IGNORE=1 HTTP/1.1" 404 515 "https://duofilms.media/" "Mozilla/5.0 (X11; Linux x86_64) AppleWebKit/537.36 (KHTML, like Gecko) Chrome/131.0.0.0 Safari/537.36"
172.226.28.20 - - [10/Dec/2024:20:27:59 +0000] "GET /_wdt/247d6b?XDEBUG_IGNORE=1 HTTP/1.1" 404 515 "https://duofilms.media/" "Mozilla/5.0 (iPhone; CPU iPhone OS 18_1_1 like Mac OS X) AppleWebKit/605.1.15 (KHTML, like Gecko) Version/18.1.1 Mobile/15E148 Safari/604.1"
91.175.58.202 - - [10/Dec/2024:20:27:59 +0000] "GET /_wdt/7f78be?XDEBUG_IGNORE=1 HTTP/1.1" 404 515 "https://duofilms.media/" "Mozilla/5.0 (X11; Linux x86_64) AppleWebKit/537.36 (KHTML, like Gecko) Chrome/131.0.0.0 Safari/537.36"
172.226.28.20 - - [10/Dec/2024:20:28:00 +0000] "GET /_wdt/247d6b?XDEBUG_IGNORE=1 HTTP/1.1" 404 515 "https://duofilms.media/" "Mozilla/5.0 (iPhone; CPU iPhone OS 18_1_1 like Mac OS X) AppleWebKit/605.1.15 (KHTML, like Gecko) Version/18.1.1 Mobile/15E148 Safari/604.1"
91.175.58.202 - - [10/Dec/2024:20:28:00 +0000] "GET /_wdt/7f78be?XDEBUG_IGNORE=1 HTTP/1.1" 404 515 "https://duofilms.media/" "Mozilla/5.0 (X11; Linux x86_64) AppleWebKit/537.36 (KHTML, like Gecko) Chrome/131.0.0.0 Safari/537.36"
172.226.28.20 - - [10/Dec/2024:20:28:01 +0000] "GET /_wdt/247d6b?XDEBUG_IGNORE=1 HTTP/1.1" 404 515 "https://duofilms.media/" "Mozilla/5.0 (iPhone; CPU iPhone OS 18_1_1 like Mac OS X) AppleWebKit/605.1.15 (KHTML, like Gecko) Version/18.1.1 Mobile/15E148 Safari/604.1"
91.175.58.202 - - [10/Dec/2024:20:28:02 +0000] "GET /_wdt/7f78be?XDEBUG_IGNORE=1 HTTP/1.1" 404 515 "https://duofilms.media/" "Mozilla/5.0 (X11; Linux x86_64) AppleWebKit/537.36 (KHTML, like Gecko) Chrome/131.0.0.0 Safari/537.36"
172.226.28.20 - - [10/Dec/2024:20:28:02 +0000] "GET /_wdt/247d6b?XDEBUG_IGNORE=1 HTTP/1.1" 404 515 "https://duofilms.media/" "Mozilla/5.0 (iPhone; CPU iPhone OS 18_1_1 like Mac OS X) AppleWebKit/605.1.15 (KHTML, like Gecko) Version/18.1.1 Mobile/15E148 Safari/604.1"
91.175.58.202 - - [10/Dec/2024:20:28:03 +0000] "GET /_wdt/7f78be?XDEBUG_IGNORE=1 HTTP/1.1" 404 515 "https://duofilms.media/" "Mozilla/5.0 (X11; Linux x86_64) AppleWebKit/537.36 (KHTML, like Gecko) Chrome/131.0.0.0 Safari/537.36"
172.226.28.20 - - [10/Dec/2024:20:28:03 +0000] "GET /_wdt/247d6b?XDEBUG_IGNORE=1 HTTP/1.1" 404 515 "https://duofilms.media/" "Mozilla/5.0 (iPhone; CPU iPhone OS 18_1_1 like Mac OS X) AppleWebKit/605.1.15 (KHTML, like Gecko) Version/18.1.1 Mobile/15E148 Safari/604.1"
91.175.58.202 - - [10/Dec/2024:20:28:04 +0000] "GET /_wdt/7f78be?XDEBUG_IGNORE=1 HTTP/1.1" 404 515 "https://duofilms.media/" "Mozilla/5.0 (X11; Linux x86_64) AppleWebKit/537.36 (KHTML, like Gecko) Chrome/131.0.0.0 Safari/537.36"
172.226.28.20 - - [10/Dec/2024:20:28:04 +0000] "GET /_wdt/247d6b?XDEBUG_IGNORE=1 HTTP/1.1" 404 515 "https://duofilms.media/" "Mozilla/5.0 (iPhone; CPU iPhone OS 18_1_1 like Mac OS X) AppleWebKit/605.1.15 (KHTML, like Gecko) Version/18.1.1 Mobile/15E148 Safari/604.1"
91.175.58.202 - - [10/Dec/2024:20:28:05 +0000] "GET /_wdt/7f78be?XDEBUG_IGNORE=1 HTTP/1.1" 404 515 "https://duofilms.media/" "Mozilla/5.0 (X11; Linux x86_64) AppleWebKit/537.36 (KHTML, like Gecko) Chrome/131.0.0.0 Safari/537.36"
172.226.28.20 - - [10/Dec/2024:20:28:05 +0000] "GET /_wdt/247d6b?XDEBUG_IGNORE=1 HTTP/1.1" 404 515 "https://duofilms.media/" "Mozilla/5.0 (iPhone; CPU iPhone OS 18_1_1 like Mac OS X) AppleWebKit/605.1.15 (KHTML, like Gecko) Version/18.1.1 Mobile/15E148 Safari/604.1"
91.175.58.202 - - [10/Dec/2024:20:28:06 +0000] "GET /_wdt/7f78be?XDEBUG_IGNORE=1 HTTP/1.1" 404 515 "https://duofilms.media/" "Mozilla/5.0 (X11; Linux x86_64) AppleWebKit/537.36 (KHTML, like Gecko) Chrome/131.0.0.0 Safari/537.36"
172.226.28.20 - - [10/Dec/2024:20:28:06 +0000] "GET /_wdt/247d6b?XDEBUG_IGNORE=1 HTTP/1.1" 404 515 "https://duofilms.media/" "Mozilla/5.0 (iPhone; CPU iPhone OS 18_1_1 like Mac OS X) AppleWebKit/605.1.15 (KHTML, like Gecko) Version/18.1.1 Mobile/15E148 Safari/604.1"
91.175.58.202 - - [10/Dec/2024:20:28:07 +0000] "GET /_wdt/7f78be?XDEBUG_IGNORE=1 HTTP/1.1" 404 515 "https://duofilms.media/" "Mozilla/5.0 (X11; Linux x86_64) AppleWebKit/537.36 (KHTML, like Gecko) Chrome/131.0.0.0 Safari/537.36"
172.226.28.20 - - [10/Dec/2024:20:28:07 +0000] "GET /_wdt/247d6b?XDEBUG_IGNORE=1 HTTP/1.1" 404 515 "https://duofilms.media/" "Mozilla/5.0 (iPhone; CPU iPhone OS 18_1_1 like Mac OS X) AppleWebKit/605.1.15 (KHTML, like Gecko) Version/18.1.1 Mobile/15E148 Safari/604.1"
91.175.58.202 - - [10/Dec/2024:20:28:08 +0000] "GET /_wdt/7f78be?XDEBUG_IGNORE=1 HTTP/1.1" 404 515 "https://duofilms.media/" "Mozilla/5.0 (X11; Linux x86_64) AppleWebKit/537.36 (KHTML, like Gecko) Chrome/131.0.0.0 Safari/537.36"
172.226.28.20 - - [10/Dec/2024:20:28:09 +0000] "GET /_wdt/247d6b?XDEBUG_IGNORE=1 HTTP/1.1" 404 515 "https://duofilms.media/" "Mozilla/5.0 (iPhone; CPU iPhone OS 18_1_1 like Mac OS X) AppleWebKit/605.1.15 (KHTML, like Gecko) Version/18.1.1 Mobile/15E148 Safari/604.1"
91.175.58.202 - - [10/Dec/2024:20:28:09 +0000] "GET /_wdt/7f78be?XDEBUG_IGNORE=1 HTTP/1.1" 404 515 "https://duofilms.media/" "Mozilla/5.0 (X11; Linux x86_64) AppleWebKit/537.36 (KHTML, like Gecko) Chrome/131.0.0.0 Safari/537.36"
172.226.28.20 - - [10/Dec/2024:20:28:10 +0000] "GET /_wdt/247d6b?XDEBUG_IGNORE=1 HTTP/1.1" 404 515 "https://duofilms.media/" "Mozilla/5.0 (iPhone; CPU iPhone OS 18_1_1 like Mac OS X) AppleWebKit/605.1.15 (KHTML, like Gecko) Version/18.1.1 Mobile/15E148 Safari/604.1"
91.175.58.202 - - [10/Dec/2024:20:28:10 +0000] "GET /_wdt/7f78be?XDEBUG_IGNORE=1 HTTP/1.1" 404 515 "https://duofilms.media/" "Mozilla/5.0 (X11; Linux x86_64) AppleWebKit/537.36 (KHTML, like Gecko) Chrome/131.0.0.0 Safari/537.36"
172.226.28.20 - - [10/Dec/2024:20:28:11 +0000] "GET /_wdt/247d6b?XDEBUG_IGNORE=1 HTTP/1.1" 404 515 "https://duofilms.media/" "Mozilla/5.0 (iPhone; CPU iPhone OS 18_1_1 like Mac OS X) AppleWebKit/605.1.15 (KHTML, like Gecko) Version/18.1.1 Mobile/15E148 Safari/604.1"
91.175.58.202 - - [10/Dec/2024:20:28:11 +0000] "GET /_wdt/7f78be?XDEBUG_IGNORE=1 HTTP/1.1" 404 515 "https://duofilms.media/" "Mozilla/5.0 (X11; Linux x86_64) AppleWebKit/537.36 (KHTML, like Gecko) Chrome/131.0.0.0 Safari/537.36"
172.226.28.20 - - [10/Dec/2024:20:28:12 +0000] "GET /_wdt/247d6b?XDEBUG_IGNORE=1 HTTP/1.1" 404 515 "https://duofilms.media/" "Mozilla/5.0 (iPhone; CPU iPhone OS 18_1_1 like Mac OS X) AppleWebKit/605.1.15 (KHTML, like Gecko) Version/18.1.1 Mobile/15E148 Safari/604.1"
91.175.58.202 - - [10/Dec/2024:20:28:12 +0000] "GET /_wdt/7f78be?XDEBUG_IGNORE=1 HTTP/1.1" 404 515 "https://duofilms.media/" "Mozilla/5.0 (X11; Linux x86_64) AppleWebKit/537.36 (KHTML, like Gecko) Chrome/131.0.0.0 Safari/537.36"
91.175.58.202 - - [10/Dec/2024:20:28:13 +0000] "GET /_wdt/7f78be?XDEBUG_IGNORE=1 HTTP/1.1" 404 515 "https://duofilms.media/" "Mozilla/5.0 (X11; Linux x86_64) AppleWebKit/537.36 (KHTML, like Gecko) Chrome/131.0.0.0 Safari/537.36"
172.226.28.20 - - [10/Dec/2024:20:28:13 +0000] "GET /_wdt/247d6b?XDEBUG_IGNORE=1 HTTP/1.1" 404 515 "https://duofilms.media/" "Mozilla/5.0 (iPhone; CPU iPhone OS 18_1_1 like Mac OS X) AppleWebKit/605.1.15 (KHTML, like Gecko) Version/18.1.1 Mobile/15E148 Safari/604.1"
91.175.58.202 - - [10/Dec/2024:20:28:14 +0000] "GET /_wdt/7f78be?XDEBUG_IGNORE=1 HTTP/1.1" 404 515 "https://duofilms.media/" "Mozilla/5.0 (X11; Linux x86_64) AppleWebKit/537.36 (KHTML, like Gecko) Chrome/131.0.0.0 Safari/537.36"
172.226.28.20 - - [10/Dec/2024:20:28:14 +0000] "GET /_wdt/247d6b?XDEBUG_IGNORE=1 HTTP/1.1" 404 515 "https://duofilms.media/" "Mozilla/5.0 (iPhone; CPU iPhone OS 18_1_1 like Mac OS X) AppleWebKit/605.1.15 (KHTML, like Gecko) Version/18.1.1 Mobile/15E148 Safari/604.1"
91.175.58.202 - - [10/Dec/2024:20:28:15 +0000] "GET /_wdt/7f78be?XDEBUG_IGNORE=1 HTTP/1.1" 404 515 "https://duofilms.media/" "Mozilla/5.0 (X11; Linux x86_64) AppleWebKit/537.36 (KHTML, like Gecko) Chrome/131.0.0.0 Safari/537.36"
172.226.28.20 - - [10/Dec/2024:20:28:15 +0000] "GET /_wdt/247d6b?XDEBUG_IGNORE=1 HTTP/1.1" 404 515 "https://duofilms.media/" "Mozilla/5.0 (iPhone; CPU iPhone OS 18_1_1 like Mac OS X) AppleWebKit/605.1.15 (KHTML, like Gecko) Version/18.1.1 Mobile/15E148 Safari/604.1"
91.175.58.202 - - [10/Dec/2024:20:28:16 +0000] "GET /_wdt/7f78be?XDEBUG_IGNORE=1 HTTP/1.1" 404 515 "https://duofilms.media/" "Mozilla/5.0 (X11; Linux x86_64) AppleWebKit/537.36 (KHTML, like Gecko) Chrome/131.0.0.0 Safari/537.36"
172.226.28.20 - - [10/Dec/2024:20:28:16 +0000] "GET /_wdt/247d6b?XDEBUG_IGNORE=1 HTTP/1.1" 404 515 "https://duofilms.media/" "Mozilla/5.0 (iPhone; CPU iPhone OS 18_1_1 like Mac OS X) AppleWebKit/605.1.15 (KHTML, like Gecko) Version/18.1.1 Mobile/15E148 Safari/604.1"
91.175.58.202 - - [10/Dec/2024:20:28:17 +0000] "GET /_wdt/7f78be?XDEBUG_IGNORE=1 HTTP/1.1" 404 515 "https://duofilms.media/" "Mozilla/5.0 (X11; Linux x86_64) AppleWebKit/537.36 (KHTML, like Gecko) Chrome/131.0.0.0 Safari/537.36"
172.226.28.20 - - [10/Dec/2024:20:28:17 +0000] "GET /_wdt/247d6b?XDEBUG_IGNORE=1 HTTP/1.1" 404 515 "https://duofilms.media/" "Mozilla/5.0 (iPhone; CPU iPhone OS 18_1_1 like Mac OS X) AppleWebKit/605.1.15 (KHTML, like Gecko) Version/18.1.1 Mobile/15E148 Safari/604.1"
91.175.58.202 - - [10/Dec/2024:20:28:18 +0000] "GET /_wdt/7f78be?XDEBUG_IGNORE=1 HTTP/1.1" 404 515 "https://duofilms.media/" "Mozilla/5.0 (X11; Linux x86_64) AppleWebKit/537.36 (KHTML, like Gecko) Chrome/131.0.0.0 Safari/537.36"
172.226.28.20 - - [10/Dec/2024:20:28:18 +0000] "GET /_wdt/247d6b?XDEBUG_IGNORE=1 HTTP/1.1" 404 515 "https://duofilms.media/" "Mozilla/5.0 (iPhone; CPU iPhone OS 18_1_1 like Mac OS X) AppleWebKit/605.1.15 (KHTML, like Gecko) Version/18.1.1 Mobile/15E148 Safari/604.1"
91.175.58.202 - - [10/Dec/2024:20:28:19 +0000] "GET /_wdt/7f78be?XDEBUG_IGNORE=1 HTTP/1.1" 404 515 "https://duofilms.media/" "Mozilla/5.0 (X11; Linux x86_64) AppleWebKit/537.36 (KHTML, like Gecko) Chrome/131.0.0.0 Safari/537.36"
91.175.58.202 - - [10/Dec/2024:20:28:20 +0000] "GET /_wdt/7f78be?XDEBUG_IGNORE=1 HTTP/1.1" 404 515 "https://duofilms.media/" "Mozilla/5.0 (X11; Linux x86_64) AppleWebKit/537.36 (KHTML, like Gecko) Chrome/131.0.0.0 Safari/537.36"
91.175.58.202 - - [10/Dec/2024:20:28:21 +0000] "GET /_wdt/7f78be?XDEBUG_IGNORE=1 HTTP/1.1" 404 515 "https://duofilms.media/" "Mozilla/5.0 (X11; Linux x86_64) AppleWebKit/537.36 (KHTML, like Gecko) Chrome/131.0.0.0 Safari/537.36"
91.175.58.202 - - [10/Dec/2024:20:28:22 +0000] "GET /_wdt/7f78be?XDEBUG_IGNORE=1 HTTP/1.1" 404 515 "https://duofilms.media/" "Mozilla/5.0 (X11; Linux x86_64) AppleWebKit/537.36 (KHTML, like Gecko) Chrome/131.0.0.0 Safari/537.36"
91.175.58.202 - - [10/Dec/2024:20:28:23 +0000] "GET /_wdt/7f78be?XDEBUG_IGNORE=1 HTTP/1.1" 404 515 "https://duofilms.media/" "Mozilla/5.0 (X11; Linux x86_64) AppleWebKit/537.36 (KHTML, like Gecko) Chrome/131.0.0.0 Safari/537.36"
91.175.58.202 - - [10/Dec/2024:20:28:24 +0000] "GET /_wdt/7f78be?XDEBUG_IGNORE=1 HTTP/1.1" 404 515 "https://duofilms.media/" "Mozilla/5.0 (X11; Linux x86_64) AppleWebKit/537.36 (KHTML, like Gecko) Chrome/131.0.0.0 Safari/537.36"
91.175.58.202 - - [10/Dec/2024:20:28:25 +0000] "GET /_wdt/7f78be?XDEBUG_IGNORE=1 HTTP/1.1" 404 515 "https://duofilms.media/" "Mozilla/5.0 (X11; Linux x86_64) AppleWebKit/537.36 (KHTML, like Gecko) Chrome/131.0.0.0 Safari/537.36"
91.175.58.202 - - [10/Dec/2024:20:28:26 +0000] "GET /_wdt/7f78be?XDEBUG_IGNORE=1 HTTP/1.1" 404 515 "https://duofilms.media/" "Mozilla/5.0 (X11; Linux x86_64) AppleWebKit/537.36 (KHTML, like Gecko) Chrome/131.0.0.0 Safari/537.36"
91.175.58.202 - - [10/Dec/2024:20:28:27 +0000] "GET /_wdt/7f78be?XDEBUG_IGNORE=1 HTTP/1.1" 404 515 "https://duofilms.media/" "Mozilla/5.0 (X11; Linux x86_64) AppleWebKit/537.36 (KHTML, like Gecko) Chrome/131.0.0.0 Safari/537.36"
91.175.58.202 - - [10/Dec/2024:20:28:28 +0000] "GET /_wdt/7f78be?XDEBUG_IGNORE=1 HTTP/1.1" 404 515 "https://duofilms.media/" "Mozilla/5.0 (X11; Linux x86_64) AppleWebKit/537.36 (KHTML, like Gecko) Chrome/131.0.0.0 Safari/537.36"
91.175.58.202 - - [10/Dec/2024:20:28:29 +0000] "GET /_wdt/7f78be?XDEBUG_IGNORE=1 HTTP/1.1" 404 515 "https://duofilms.media/" "Mozilla/5.0 (X11; Linux x86_64) AppleWebKit/537.36 (KHTML, like Gecko) Chrome/131.0.0.0 Safari/537.36"
91.175.58.202 - - [10/Dec/2024:20:28:30 +0000] "GET /_wdt/7f78be?XDEBUG_IGNORE=1 HTTP/1.1" 404 515 "https://duofilms.media/" "Mozilla/5.0 (X11; Linux x86_64) AppleWebKit/537.36 (KHTML, like Gecko) Chrome/131.0.0.0 Safari/537.36"
91.175.58.202 - - [10/Dec/2024:20:28:31 +0000] "GET /_wdt/7f78be?XDEBUG_IGNORE=1 HTTP/1.1" 404 515 "https://duofilms.media/" "Mozilla/5.0 (X11; Linux x86_64) AppleWebKit/537.36 (KHTML, like Gecko) Chrome/131.0.0.0 Safari/537.36"
91.175.58.202 - - [10/Dec/2024:20:28:32 +0000] "GET /_wdt/7f78be?XDEBUG_IGNORE=1 HTTP/1.1" 404 515 "https://duofilms.media/" "Mozilla/5.0 (X11; Linux x86_64) AppleWebKit/537.36 (KHTML, like Gecko) Chrome/131.0.0.0 Safari/537.36"
91.175.58.202 - - [10/Dec/2024:20:28:33 +0000] "GET /_wdt/7f78be?XDEBUG_IGNORE=1 HTTP/1.1" 404 514 "https://duofilms.media/" "Mozilla/5.0 (X11; Linux x86_64) AppleWebKit/537.36 (KHTML, like Gecko) Chrome/131.0.0.0 Safari/537.36"
91.175.58.202 - - [10/Dec/2024:20:28:34 +0000] "GET /_wdt/7f78be?XDEBUG_IGNORE=1 HTTP/1.1" 404 514 "https://duofilms.media/" "Mozilla/5.0 (X11; Linux x86_64) AppleWebKit/537.36 (KHTML, like Gecko) Chrome/131.0.0.0 Safari/537.36"
91.175.58.202 - - [10/Dec/2024:20:28:35 +0000] "GET /_wdt/7f78be?XDEBUG_IGNORE=1 HTTP/1.1" 404 514 "https://duofilms.media/" "Mozilla/5.0 (X11; Linux x86_64) AppleWebKit/537.36 (KHTML, like Gecko) Chrome/131.0.0.0 Safari/537.36"
91.175.58.202 - - [10/Dec/2024:20:28:36 +0000] "GET /_wdt/7f78be?XDEBUG_IGNORE=1 HTTP/1.1" 404 514 "https://duofilms.media/" "Mozilla/5.0 (X11; Linux x86_64) AppleWebKit/537.36 (KHTML, like Gecko) Chrome/131.0.0.0 Safari/537.36"
91.175.58.202 - - [10/Dec/2024:20:28:37 +0000] "GET /_wdt/7f78be?XDEBUG_IGNORE=1 HTTP/1.1" 404 514 "https://duofilms.media/" "Mozilla/5.0 (X11; Linux x86_64) AppleWebKit/537.36 (KHTML, like Gecko) Chrome/131.0.0.0 Safari/537.36"
91.175.58.202 - - [10/Dec/2024:20:28:38 +0000] "GET /_wdt/7f78be?XDEBUG_IGNORE=1 HTTP/1.1" 404 514 "https://duofilms.media/" "Mozilla/5.0 (X11; Linux x86_64) AppleWebKit/537.36 (KHTML, like Gecko) Chrome/131.0.0.0 Safari/537.36"
91.175.58.202 - - [10/Dec/2024:20:28:39 +0000] "GET /_wdt/7f78be?XDEBUG_IGNORE=1 HTTP/1.1" 404 514 "https://duofilms.media/" "Mozilla/5.0 (X11; Linux x86_64) AppleWebKit/537.36 (KHTML, like Gecko) Chrome/131.0.0.0 Safari/537.36"
162.158.111.146 - - [10/Dec/2024:20:28:40 +0000] "GET /wordpress/wp-admin/setup-config.php HTTP/1.1" 404 3086 "-" "Mozilla/5.0 (Windows NT 10.0; Win64; x64) AppleWebKit/537.36 (KHTML, like Gecko) Chrome/131.0.0.0 Safari/537.36"
91.175.58.202 - - [10/Dec/2024:20:28:40 +0000] "GET /_wdt/7f78be?XDEBUG_IGNORE=1 HTTP/1.1" 404 514 "https://duofilms.media/" "Mozilla/5.0 (X11; Linux x86_64) AppleWebKit/537.36 (KHTML, like Gecko) Chrome/131.0.0.0 Safari/537.36"
91.175.58.202 - - [10/Dec/2024:20:28:42 +0000] "GET /_wdt/7f78be?XDEBUG_IGNORE=1 HTTP/1.1" 404 514 "https://duofilms.media/" "Mozilla/5.0 (X11; Linux x86_64) AppleWebKit/537.36 (KHTML, like Gecko) Chrome/131.0.0.0 Safari/537.36"
91.175.58.202 - - [10/Dec/2024:20:28:43 +0000] "GET /_wdt/7f78be?XDEBUG_IGNORE=1 HTTP/1.1" 404 479 "https://duofilms.media/" "Mozilla/5.0 (X11; Linux x86_64) AppleWebKit/537.36 (KHTML, like Gecko) Chrome/131.0.0.0 Safari/537.36"
91.175.58.202 - - [10/Dec/2024:20:28:44 +0000] "GET /_wdt/7f78be?XDEBUG_IGNORE=1 HTTP/1.1" 404 839 "https://duofilms.media/" "Mozilla/5.0 (X11; Linux x86_64) AppleWebKit/537.36 (KHTML, like Gecko) Chrome/131.0.0.0 Safari/537.36"
91.175.58.202 - - [10/Dec/2024:20:28:45 +0000] "GET / HTTP/1.1" 200 11688 "-" "Mozilla/5.0 (X11; Linux x86_64) AppleWebKit/537.36 (KHTML, like Gecko) Chrome/131.0.0.0 Safari/537.36"
91.175.58.202 - - [10/Dec/2024:20:28:45 +0000] "GET /assets/styles/app-3ERz8UN.css HTTP/1.1" 404 515 "https://duofilms.media/" "Mozilla/5.0 (X11; Linux x86_64) AppleWebKit/537.36 (KHTML, like Gecko) Chrome/131.0.0.0 Safari/537.36"
91.175.58.202 - - [10/Dec/2024:20:28:45 +0000] "GET /build/app.930d00d3.css HTTP/1.1" 200 6467 "https://duofilms.media/" "Mozilla/5.0 (X11; Linux x86_64) AppleWebKit/537.36 (KHTML, like Gecko) Chrome/131.0.0.0 Safari/537.36"
91.175.58.202 - - [10/Dec/2024:20:28:45 +0000] "GET /assets/app-jgPm2-L.js HTTP/1.1" 404 839 "https://duofilms.media/" "Mozilla/5.0 (X11; Linux x86_64) AppleWebKit/537.36 (KHTML, like Gecko) Chrome/131.0.0.0 Safari/537.36"
91.175.58.202 - - [10/Dec/2024:20:28:45 +0000] "GET /images/logo.png HTTP/1.1" 304 2841 "https://duofilms.media/" "Mozilla/5.0 (X11; Linux x86_64) AppleWebKit/537.36 (KHTML, like Gecko) Chrome/131.0.0.0 Safari/537.36"
91.175.58.202 - - [10/Dec/2024:20:28:45 +0000] "GET /images/img_5.png HTTP/1.1" 304 2843 "https://duofilms.media/" "Mozilla/5.0 (X11; Linux x86_64) AppleWebKit/537.36 (KHTML, like Gecko) Chrome/131.0.0.0 Safari/537.36"
91.175.58.202 - - [10/Dec/2024:20:28:45 +0000] "GET /assets/bootstrap-4lUEq-N.js HTTP/1.1" 404 3085 "https://duofilms.media/" "Mozilla/5.0 (X11; Linux x86_64) AppleWebKit/537.36 (KHTML, like Gecko) Chrome/131.0.0.0 Safari/537.36"
91.175.58.202 - - [10/Dec/2024:20:28:45 +0000] "GET /_wdt/styles.css HTTP/1.1" 404 515 "https://duofilms.media/" "Mozilla/5.0 (X11; Linux x86_64) AppleWebKit/537.36 (KHTML, like Gecko) Chrome/131.0.0.0 Safari/537.36"
91.175.58.202 - - [10/Dec/2024:20:28:45 +0000] "GET /images/trust/ende.png HTTP/1.1" 304 2841 "https://duofilms.media/" "Mozilla/5.0 (X11; Linux x86_64) AppleWebKit/537.36 (KHTML, like Gecko) Chrome/131.0.0.0 Safari/537.36"
91.175.58.202 - - [10/Dec/2024:20:28:45 +0000] "GET /images/trust/global_service.png HTTP/1.1" 304 271 "https://duofilms.media/" "Mozilla/5.0 (X11; Linux x86_64) AppleWebKit/537.36 (KHTML, like Gecko) Chrome/131.0.0.0 Safari/537.36"
91.175.58.202 - - [10/Dec/2024:20:28:45 +0000] "GET /images/trust/wami.png HTTP/1.1" 304 272 "https://duofilms.media/" "Mozilla/5.0 (X11; Linux x86_64) AppleWebKit/537.36 (KHTML, like Gecko) Chrome/131.0.0.0 Safari/537.36"
91.175.58.202 - - [10/Dec/2024:20:28:45 +0000] "GET /build/runtime.05dacd30.js HTTP/1.1" 200 905 "https://duofilms.media/" "Mozilla/5.0 (X11; Linux x86_64) AppleWebKit/537.36 (KHTML, like Gecko) Chrome/131.0.0.0 Safari/537.36"
91.175.58.202 - - [10/Dec/2024:20:28:45 +0000] "GET /build/app.652303d0.js HTTP/1.1" 200 540 "https://duofilms.media/" "Mozilla/5.0 (X11; Linux x86_64) AppleWebKit/537.36 (KHTML, like Gecko) Chrome/131.0.0.0 Safari/537.36"
91.175.58.202 - - [10/Dec/2024:20:28:45 +0000] "GET /images/trust/fozmolas.png HTTP/1.1" 304 272 "https://duofilms.media/" "Mozilla/5.0 (X11; Linux x86_64) AppleWebKit/537.36 (KHTML, like Gecko) Chrome/131.0.0.0 Safari/537.36"
91.175.58.202 - - [10/Dec/2024:20:28:45 +0000] "GET /_wdt/36728f?XDEBUG_IGNORE=1 HTTP/1.1" 404 515 "https://duofilms.media/" "Mozilla/5.0 (X11; Linux x86_64) AppleWebKit/537.36 (KHTML, like Gecko) Chrome/131.0.0.0 Safari/537.36"
91.175.58.202 - - [10/Dec/2024:20:28:45 +0000] "GET /_wdt/36728f?XDEBUG_IGNORE=1 HTTP/1.1" 404 515 "https://duofilms.media/" "Mozilla/5.0 (X11; Linux x86_64) AppleWebKit/537.36 (KHTML, like Gecko) Chrome/131.0.0.0 Safari/537.36"
91.175.58.202 - - [10/Dec/2024:20:28:46 +0000] "GET /_wdt/7f78be?XDEBUG_IGNORE=1 HTTP/1.1" 404 515 "https://duofilms.media/" "Mozilla/5.0 (X11; Linux x86_64) AppleWebKit/537.36 (KHTML, like Gecko) Chrome/131.0.0.0 Safari/537.36"
91.175.58.202 - - [10/Dec/2024:20:28:46 +0000] "GET /_wdt/36728f?XDEBUG_IGNORE=1 HTTP/1.1" 404 515 "https://duofilms.media/" "Mozilla/5.0 (X11; Linux x86_64) AppleWebKit/537.36 (KHTML, like Gecko) Chrome/131.0.0.0 Safari/537.36"
91.175.58.202 - - [10/Dec/2024:20:28:47 +0000] "GET /_wdt/36728f?XDEBUG_IGNORE=1 HTTP/1.1" 404 515 "https://duofilms.media/" "Mozilla/5.0 (X11; Linux x86_64) AppleWebKit/537.36 (KHTML, like Gecko) Chrome/131.0.0.0 Safari/537.36"
91.175.58.202 - - [10/Dec/2024:20:28:47 +0000] "GET /_wdt/36728f?XDEBUG_IGNORE=1 HTTP/1.1" 404 515 "https://duofilms.media/" "Mozilla/5.0 (X11; Linux x86_64) AppleWebKit/537.36 (KHTML, like Gecko) Chrome/131.0.0.0 Safari/537.36"
91.175.58.202 - - [10/Dec/2024:20:28:48 +0000] "GET /_wdt/7f78be?XDEBUG_IGNORE=1 HTTP/1.1" 404 515 "https://duofilms.media/" "Mozilla/5.0 (X11; Linux x86_64) AppleWebKit/537.36 (KHTML, like Gecko) Chrome/131.0.0.0 Safari/537.36"
91.175.58.202 - - [10/Dec/2024:20:28:48 +0000] "GET /_wdt/36728f?XDEBUG_IGNORE=1 HTTP/1.1" 404 515 "https://duofilms.media/" "Mozilla/5.0 (X11; Linux x86_64) AppleWebKit/537.36 (KHTML, like Gecko) Chrome/131.0.0.0 Safari/537.36"
91.175.58.202 - - [10/Dec/2024:20:28:50 +0000] "GET /_wdt/36728f?XDEBUG_IGNORE=1 HTTP/1.1" 404 515 "https://duofilms.media/" "Mozilla/5.0 (X11; Linux x86_64) AppleWebKit/537.36 (KHTML, like Gecko) Chrome/131.0.0.0 Safari/537.36"
91.175.58.202 - - [10/Dec/2024:20:28:50 +0000] "GET /_wdt/7f78be?XDEBUG_IGNORE=1 HTTP/1.1" 404 515 "https://duofilms.media/" "Mozilla/5.0 (X11; Linux x86_64) AppleWebKit/537.36 (KHTML, like Gecko) Chrome/131.0.0.0 Safari/537.36"
91.175.58.202 - - [10/Dec/2024:20:28:51 +0000] "GET /_wdt/36728f?XDEBUG_IGNORE=1 HTTP/1.1" 404 515 "https://duofilms.media/" "Mozilla/5.0 (X11; Linux x86_64) AppleWebKit/537.36 (KHTML, like Gecko) Chrome/131.0.0.0 Safari/537.36"
91.175.58.202 - - [10/Dec/2024:20:28:51 +0000] "GET / HTTP/1.1" 200 11687 "-" "Mozilla/5.0 (X11; Linux x86_64) AppleWebKit/537.36 (KHTML, like Gecko) Chrome/131.0.0.0 Safari/537.36"
91.175.58.202 - - [10/Dec/2024:20:28:51 +0000] "GET /assets/styles/app-3ERz8UN.css HTTP/1.1" 404 515 "https://duofilms.media/" "Mozilla/5.0 (X11; Linux x86_64) AppleWebKit/537.36 (KHTML, like Gecko) Chrome/131.0.0.0 Safari/537.36"
91.175.58.202 - - [10/Dec/2024:20:28:51 +0000] "GET /assets/app-jgPm2-L.js HTTP/1.1" 404 515 "https://duofilms.media/" "Mozilla/5.0 (X11; Linux x86_64) AppleWebKit/537.36 (KHTML, like Gecko) Chrome/131.0.0.0 Safari/537.36"
91.175.58.202 - - [10/Dec/2024:20:28:51 +0000] "GET /assets/bootstrap-4lUEq-N.js HTTP/1.1" 404 515 "https://duofilms.media/" "Mozilla/5.0 (X11; Linux x86_64) AppleWebKit/537.36 (KHTML, like Gecko) Chrome/131.0.0.0 Safari/537.36"
91.175.58.202 - - [10/Dec/2024:20:28:51 +0000] "GET /_wdt/styles.css HTTP/1.1" 404 839 "https://duofilms.media/" "Mozilla/5.0 (X11; Linux x86_64) AppleWebKit/537.36 (KHTML, like Gecko) Chrome/131.0.0.0 Safari/537.36"
91.175.58.202 - - [10/Dec/2024:20:28:51 +0000] "GET /_wdt/bfcd48?XDEBUG_IGNORE=1 HTTP/1.1" 404 515 "https://duofilms.media/" "Mozilla/5.0 (X11; Linux x86_64) AppleWebKit/537.36 (KHTML, like Gecko) Chrome/131.0.0.0 Safari/537.36"
91.175.58.202 - - [10/Dec/2024:20:28:51 +0000] "GET /_wdt/bfcd48?XDEBUG_IGNORE=1 HTTP/1.1" 404 515 "https://duofilms.media/" "Mozilla/5.0 (X11; Linux x86_64) AppleWebKit/537.36 (KHTML, like Gecko) Chrome/131.0.0.0 Safari/537.36"
91.175.58.202 - - [10/Dec/2024:20:28:51 +0000] "GET /_wdt/bfcd48?XDEBUG_IGNORE=1 HTTP/1.1" 404 515 "https://duofilms.media/" "Mozilla/5.0 (X11; Linux x86_64) AppleWebKit/537.36 (KHTML, like Gecko) Chrome/131.0.0.0 Safari/537.36"
91.175.58.202 - - [10/Dec/2024:20:28:52 +0000] "GET /_wdt/7f78be?XDEBUG_IGNORE=1 HTTP/1.1" 404 515 "https://duofilms.media/" "Mozilla/5.0 (X11; Linux x86_64) AppleWebKit/537.36 (KHTML, like Gecko) Chrome/131.0.0.0 Safari/537.36"
91.175.58.202 - - [10/Dec/2024:20:28:52 +0000] "GET /_wdt/bfcd48?XDEBUG_IGNORE=1 HTTP/1.1" 404 515 "https://duofilms.media/" "Mozilla/5.0 (X11; Linux x86_64) AppleWebKit/537.36 (KHTML, like Gecko) Chrome/131.0.0.0 Safari/537.36"
91.175.58.202 - - [10/Dec/2024:20:28:53 +0000] "GET /_wdt/bfcd48?XDEBUG_IGNORE=1 HTTP/1.1" 404 515 "https://duofilms.media/" "Mozilla/5.0 (X11; Linux x86_64) AppleWebKit/537.36 (KHTML, like Gecko) Chrome/131.0.0.0 Safari/537.36"
91.175.58.202 - - [10/Dec/2024:20:28:54 +0000] "GET /_wdt/7f78be?XDEBUG_IGNORE=1 HTTP/1.1" 404 515 "https://duofilms.media/" "Mozilla/5.0 (X11; Linux x86_64) AppleWebKit/537.36 (KHTML, like Gecko) Chrome/131.0.0.0 Safari/537.36"
91.175.58.202 - - [10/Dec/2024:20:28:54 +0000] "GET /_wdt/bfcd48?XDEBUG_IGNORE=1 HTTP/1.1" 404 515 "https://duofilms.media/" "Mozilla/5.0 (X11; Linux x86_64) AppleWebKit/537.36 (KHTML, like Gecko) Chrome/131.0.0.0 Safari/537.36"
91.175.58.202 - - [10/Dec/2024:20:28:55 +0000] "GET /_wdt/bfcd48?XDEBUG_IGNORE=1 HTTP/1.1" 404 515 "https://duofilms.media/" "Mozilla/5.0 (X11; Linux x86_64) AppleWebKit/537.36 (KHTML, like Gecko) Chrome/131.0.0.0 Safari/537.36"
91.175.58.202 - - [10/Dec/2024:20:28:56 +0000] "GET /_wdt/7f78be?XDEBUG_IGNORE=1 HTTP/1.1" 404 515 "https://duofilms.media/" "Mozilla/5.0 (X11; Linux x86_64) AppleWebKit/537.36 (KHTML, like Gecko) Chrome/131.0.0.0 Safari/537.36"
91.175.58.202 - - [10/Dec/2024:20:28:56 +0000] "GET /_wdt/bfcd48?XDEBUG_IGNORE=1 HTTP/1.1" 404 515 "https://duofilms.media/" "Mozilla/5.0 (X11; Linux x86_64) AppleWebKit/537.36 (KHTML, like Gecko) Chrome/131.0.0.0 Safari/537.36"
91.175.58.202 - - [10/Dec/2024:20:28:57 +0000] "GET /_wdt/bfcd48?XDEBUG_IGNORE=1 HTTP/1.1" 404 515 "https://duofilms.media/" "Mozilla/5.0 (X11; Linux x86_64) AppleWebKit/537.36 (KHTML, like Gecko) Chrome/131.0.0.0 Safari/537.36"
91.175.58.202 - - [10/Dec/2024:20:28:58 +0000] "GET /_wdt/7f78be?XDEBUG_IGNORE=1 HTTP/1.1" 404 515 "https://duofilms.media/" "Mozilla/5.0 (X11; Linux x86_64) AppleWebKit/537.36 (KHTML, like Gecko) Chrome/131.0.0.0 Safari/537.36"
91.175.58.202 - - [10/Dec/2024:20:28:58 +0000] "GET /_wdt/bfcd48?XDEBUG_IGNORE=1 HTTP/1.1" 404 515 "https://duofilms.media/" "Mozilla/5.0 (X11; Linux x86_64) AppleWebKit/537.36 (KHTML, like Gecko) Chrome/131.0.0.0 Safari/537.36"
91.175.58.202 - - [10/Dec/2024:20:28:59 +0000] "GET /_wdt/bfcd48?XDEBUG_IGNORE=1 HTTP/1.1" 404 515 "https://duofilms.media/" "Mozilla/5.0 (X11; Linux x86_64) AppleWebKit/537.36 (KHTML, like Gecko) Chrome/131.0.0.0 Safari/537.36"
91.175.58.202 - - [10/Dec/2024:20:29:00 +0000] "GET /_wdt/7f78be?XDEBUG_IGNORE=1 HTTP/1.1" 404 515 "https://duofilms.media/" "Mozilla/5.0 (X11; Linux x86_64) AppleWebKit/537.36 (KHTML, like Gecko) Chrome/131.0.0.0 Safari/537.36"
91.175.58.202 - - [10/Dec/2024:20:29:00 +0000] "GET /_wdt/bfcd48?XDEBUG_IGNORE=1 HTTP/1.1" 404 515 "https://duofilms.media/" "Mozilla/5.0 (X11; Linux x86_64) AppleWebKit/537.36 (KHTML, like Gecko) Chrome/131.0.0.0 Safari/537.36"
91.175.58.202 - - [10/Dec/2024:20:29:00 +0000] "GET / HTTP/1.1" 200 14455 "-" "Mozilla/5.0 (X11; Linux x86_64) AppleWebKit/537.36 (KHTML, like Gecko) Chrome/131.0.0.0 Safari/537.36"
91.175.58.202 - - [10/Dec/2024:20:29:00 +0000] "GET /assets/styles/app-3ERz8UN.css HTTP/1.1" 404 519 "https://www.duofilms.media/" "Mozilla/5.0 (X11; Linux x86_64) AppleWebKit/537.36 (KHTML, like Gecko) Chrome/131.0.0.0 Safari/537.36"
91.175.58.202 - - [10/Dec/2024:20:29:00 +0000] "GET /build/app.930d00d3.css HTTP/1.1" 200 6467 "https://www.duofilms.media/" "Mozilla/5.0 (X11; Linux x86_64) AppleWebKit/537.36 (KHTML, like Gecko) Chrome/131.0.0.0 Safari/537.36"
91.175.58.202 - - [10/Dec/2024:20:29:00 +0000] "GET /assets/app-jgPm2-L.js HTTP/1.1" 404 843 "https://www.duofilms.media/" "Mozilla/5.0 (X11; Linux x86_64) AppleWebKit/537.36 (KHTML, like Gecko) Chrome/131.0.0.0 Safari/537.36"
91.175.58.202 - - [10/Dec/2024:20:29:00 +0000] "GET /assets/bootstrap-4lUEq-N.js HTTP/1.1" 404 3090 "https://www.duofilms.media/" "Mozilla/5.0 (X11; Linux x86_64) AppleWebKit/537.36 (KHTML, like Gecko) Chrome/131.0.0.0 Safari/537.36"
91.175.58.202 - - [10/Dec/2024:20:29:00 +0000] "GET /images/logo.png HTTP/1.1" 200 7488 "https://www.duofilms.media/" "Mozilla/5.0 (X11; Linux x86_64) AppleWebKit/537.36 (KHTML, like Gecko) Chrome/131.0.0.0 Safari/537.36"
91.175.58.202 - - [10/Dec/2024:20:29:00 +0000] "GET /images/trust/ende.png HTTP/1.1" 200 9767 "https://www.duofilms.media/" "Mozilla/5.0 (X11; Linux x86_64) AppleWebKit/537.36 (KHTML, like Gecko) Chrome/131.0.0.0 Safari/537.36"
91.175.58.202 - - [10/Dec/2024:20:29:00 +0000] "GET /_wdt/styles.css HTTP/1.1" 404 519 "https://www.duofilms.media/" "Mozilla/5.0 (X11; Linux x86_64) AppleWebKit/537.36 (KHTML, like Gecko) Chrome/131.0.0.0 Safari/537.36"
91.175.58.202 - - [10/Dec/2024:20:29:00 +0000] "GET /images/trust/global_service.png HTTP/1.1" 200 8469 "https://www.duofilms.media/" "Mozilla/5.0 (X11; Linux x86_64) AppleWebKit/537.36 (KHTML, like Gecko) Chrome/131.0.0.0 Safari/537.36"
91.175.58.202 - - [10/Dec/2024:20:29:00 +0000] "GET /build/runtime.05dacd30.js HTTP/1.1" 200 905 "https://www.duofilms.media/" "Mozilla/5.0 (X11; Linux x86_64) AppleWebKit/537.36 (KHTML, like Gecko) Chrome/131.0.0.0 Safari/537.36"
91.175.58.202 - - [10/Dec/2024:20:29:00 +0000] "GET /images/trust/wami.png HTTP/1.1" 200 124390 "https://www.duofilms.media/" "Mozilla/5.0 (X11; Linux x86_64) AppleWebKit/537.36 (KHTML, like Gecko) Chrome/131.0.0.0 Safari/537.36"
91.175.58.202 - - [10/Dec/2024:20:29:00 +0000] "GET /build/app.652303d0.js HTTP/1.1" 200 540 "https://www.duofilms.media/" "Mozilla/5.0 (X11; Linux x86_64) AppleWebKit/537.36 (KHTML, like Gecko) Chrome/131.0.0.0 Safari/537.36"
91.175.58.202 - - [10/Dec/2024:20:29:00 +0000] "GET /_wdt/015a8d?XDEBUG_IGNORE=1 HTTP/1.1" 404 519 "https://www.duofilms.media/" "Mozilla/5.0 (X11; Linux x86_64) AppleWebKit/537.36 (KHTML, like Gecko) Chrome/131.0.0.0 Safari/537.36"
91.175.58.202 - - [10/Dec/2024:20:29:00 +0000] "GET /images/img_5.png HTTP/1.1" 200 1572554 "https://www.duofilms.media/" "Mozilla/5.0 (X11; Linux x86_64) AppleWebKit/537.36 (KHTML, like Gecko) Chrome/131.0.0.0 Safari/537.36"
91.175.58.202 - - [10/Dec/2024:20:29:00 +0000] "GET /images/trust/fozmolas.png HTTP/1.1" 200 481294 "https://www.duofilms.media/" "Mozilla/5.0 (X11; Linux x86_64) AppleWebKit/537.36 (KHTML, like Gecko) Chrome/131.0.0.0 Safari/537.36"
91.175.58.202 - - [10/Dec/2024:20:29:01 +0000] "GET /_wdt/015a8d?XDEBUG_IGNORE=1 HTTP/1.1" 404 519 "https://www.duofilms.media/" "Mozilla/5.0 (X11; Linux x86_64) AppleWebKit/537.36 (KHTML, like Gecko) Chrome/131.0.0.0 Safari/537.36"
91.175.58.202 - - [10/Dec/2024:20:29:01 +0000] "GET /build/runtime.05dacd30.js HTTP/1.1" 200 3475 "-" "Mozilla/5.0 (X11; Linux x86_64) AppleWebKit/537.36 (KHTML, like Gecko) Chrome/131.0.0.0 Safari/537.36"
91.175.58.202 - - [10/Dec/2024:20:29:01 +0000] "GET /assets/app-jgPm2-L.js HTTP/1.1" 404 3088 "-" "Mozilla/5.0 (X11; Linux x86_64) AppleWebKit/537.36 (KHTML, like Gecko) Chrome/131.0.0.0 Safari/537.36"
91.175.58.202 - - [10/Dec/2024:20:29:01 +0000] "GET /build/app.652303d0.js HTTP/1.1" 200 540 "-" "Mozilla/5.0 (X11; Linux x86_64) AppleWebKit/537.36 (KHTML, like Gecko) Chrome/131.0.0.0 Safari/537.36"
91.175.58.202 - - [10/Dec/2024:20:29:01 +0000] "GET /assets/bootstrap-4lUEq-N.js HTTP/1.1" 404 519 "-" "Mozilla/5.0 (X11; Linux x86_64) AppleWebKit/537.36 (KHTML, like Gecko) Chrome/131.0.0.0 Safari/537.36"
91.175.58.202 - - [10/Dec/2024:20:29:01 +0000] "GET /_wdt/015a8d?XDEBUG_IGNORE=1 HTTP/1.1" 404 519 "https://www.duofilms.media/" "Mozilla/5.0 (X11; Linux x86_64) AppleWebKit/537.36 (KHTML, like Gecko) Chrome/131.0.0.0 Safari/537.36"
91.175.58.202 - - [10/Dec/2024:20:29:02 +0000] "GET /_wdt/015a8d?XDEBUG_IGNORE=1 HTTP/1.1" 404 519 "https://www.duofilms.media/" "Mozilla/5.0 (X11; Linux x86_64) AppleWebKit/537.36 (KHTML, like Gecko) Chrome/131.0.0.0 Safari/537.36"
91.175.58.202 - - [10/Dec/2024:20:29:02 +0000] "GET /_wdt/7f78be?XDEBUG_IGNORE=1 HTTP/1.1" 404 515 "https://duofilms.media/" "Mozilla/5.0 (X11; Linux x86_64) AppleWebKit/537.36 (KHTML, like Gecko) Chrome/131.0.0.0 Safari/537.36"
91.175.58.202 - - [10/Dec/2024:20:29:03 +0000] "GET /_wdt/015a8d?XDEBUG_IGNORE=1 HTTP/1.1" 404 519 "https://www.duofilms.media/" "Mozilla/5.0 (X11; Linux x86_64) AppleWebKit/537.36 (KHTML, like Gecko) Chrome/131.0.0.0 Safari/537.36"
91.175.58.202 - - [10/Dec/2024:20:29:04 +0000] "GET /_wdt/015a8d?XDEBUG_IGNORE=1 HTTP/1.1" 404 519 "https://www.duofilms.media/" "Mozilla/5.0 (X11; Linux x86_64) AppleWebKit/537.36 (KHTML, like Gecko) Chrome/131.0.0.0 Safari/537.36"
91.175.58.202 - - [10/Dec/2024:20:29:04 +0000] "GET /_wdt/7f78be?XDEBUG_IGNORE=1 HTTP/1.1" 404 515 "https://duofilms.media/" "Mozilla/5.0 (X11; Linux x86_64) AppleWebKit/537.36 (KHTML, like Gecko) Chrome/131.0.0.0 Safari/537.36"
91.175.58.202 - - [10/Dec/2024:20:29:05 +0000] "GET /_wdt/015a8d?XDEBUG_IGNORE=1 HTTP/1.1" 404 519 "https://www.duofilms.media/" "Mozilla/5.0 (X11; Linux x86_64) AppleWebKit/537.36 (KHTML, like Gecko) Chrome/131.0.0.0 Safari/537.36"
91.175.58.202 - - [10/Dec/2024:20:29:06 +0000] "GET /_wdt/015a8d?XDEBUG_IGNORE=1 HTTP/1.1" 404 519 "https://www.duofilms.media/" "Mozilla/5.0 (X11; Linux x86_64) AppleWebKit/537.36 (KHTML, like Gecko) Chrome/131.0.0.0 Safari/537.36"
91.175.58.202 - - [10/Dec/2024:20:29:06 +0000] "GET /_wdt/7f78be?XDEBUG_IGNORE=1 HTTP/1.1" 404 515 "https://duofilms.media/" "Mozilla/5.0 (X11; Linux x86_64) AppleWebKit/537.36 (KHTML, like Gecko) Chrome/131.0.0.0 Safari/537.36"
91.175.58.202 - - [10/Dec/2024:20:29:07 +0000] "GET /_wdt/015a8d?XDEBUG_IGNORE=1 HTTP/1.1" 404 519 "https://www.duofilms.media/" "Mozilla/5.0 (X11; Linux x86_64) AppleWebKit/537.36 (KHTML, like Gecko) Chrome/131.0.0.0 Safari/537.36"
91.175.58.202 - - [10/Dec/2024:20:29:07 +0000] "GET /portofolio HTTP/1.1" 404 519 "https://www.duofilms.media/" "Mozilla/5.0 (X11; Linux x86_64) AppleWebKit/537.36 (KHTML, like Gecko) Chrome/131.0.0.0 Safari/537.36"
91.175.58.202 - - [10/Dec/2024:20:29:07 +0000] "GET /favicon.ico HTTP/1.1" 404 519 "https://www.duofilms.media/portofolio" "Mozilla/5.0 (X11; Linux x86_64) AppleWebKit/537.36 (KHTML, like Gecko) Chrome/131.0.0.0 Safari/537.36"
91.175.58.202 - - [10/Dec/2024:20:29:08 +0000] "GET /_wdt/7f78be?XDEBUG_IGNORE=1 HTTP/1.1" 404 515 "https://duofilms.media/" "Mozilla/5.0 (X11; Linux x86_64) AppleWebKit/537.36 (KHTML, like Gecko) Chrome/131.0.0.0 Safari/537.36"
91.175.58.202 - - [10/Dec/2024:20:29:10 +0000] "GET /_wdt/7f78be?XDEBUG_IGNORE=1 HTTP/1.1" 404 515 "https://duofilms.media/" "Mozilla/5.0 (X11; Linux x86_64) AppleWebKit/537.36 (KHTML, like Gecko) Chrome/131.0.0.0 Safari/537.36"
91.175.58.202 - - [10/Dec/2024:20:29:11 +0000] "-" 408 2569 "-" "-"
91.175.58.202 - - [10/Dec/2024:20:29:11 +0000] "-" 408 323 "-" "-"
91.175.58.202 - - [10/Dec/2024:20:29:12 +0000] "GET /_wdt/7f78be?XDEBUG_IGNORE=1 HTTP/1.1" 404 515 "https://duofilms.media/" "Mozilla/5.0 (X11; Linux x86_64) AppleWebKit/537.36 (KHTML, like Gecko) Chrome/131.0.0.0 Safari/537.36"
91.175.58.202 - - [10/Dec/2024:20:29:14 +0000] "GET /_wdt/7f78be?XDEBUG_IGNORE=1 HTTP/1.1" 404 515 "https://duofilms.media/" "Mozilla/5.0 (X11; Linux x86_64) AppleWebKit/537.36 (KHTML, like Gecko) Chrome/131.0.0.0 Safari/537.36"
91.175.58.202 - - [10/Dec/2024:20:29:16 +0000] "GET /_wdt/7f78be?XDEBUG_IGNORE=1 HTTP/1.1" 404 515 "https://duofilms.media/" "Mozilla/5.0 (X11; Linux x86_64) AppleWebKit/537.36 (KHTML, like Gecko) Chrome/131.0.0.0 Safari/537.36"
91.175.58.202 - - [10/Dec/2024:20:29:18 +0000] "GET /_wdt/7f78be?XDEBUG_IGNORE=1 HTTP/1.1" 404 515 "https://duofilms.media/" "Mozilla/5.0 (X11; Linux x86_64) AppleWebKit/537.36 (KHTML, like Gecko) Chrome/131.0.0.0 Safari/537.36"
91.175.58.202 - - [10/Dec/2024:20:29:20 +0000] "GET /_wdt/7f78be?XDEBUG_IGNORE=1 HTTP/1.1" 404 515 "https://duofilms.media/" "Mozilla/5.0 (X11; Linux x86_64) AppleWebKit/537.36 (KHTML, like Gecko) Chrome/131.0.0.0 Safari/537.36"
91.175.58.202 - - [10/Dec/2024:20:29:21 +0000] "-" 408 2570 "-" "-"
91.175.58.202 - - [10/Dec/2024:20:29:22 +0000] "GET /_wdt/7f78be?XDEBUG_IGNORE=1 HTTP/1.1" 404 515 "https://duofilms.media/" "Mozilla/5.0 (X11; Linux x86_64) AppleWebKit/537.36 (KHTML, like Gecko) Chrome/131.0.0.0 Safari/537.36"
91.175.58.202 - - [10/Dec/2024:20:29:22 +0000] "-" 408 2569 "-" "-"
91.175.58.202 - - [10/Dec/2024:20:29:24 +0000] "GET /_wdt/7f78be?XDEBUG_IGNORE=1 HTTP/1.1" 404 515 "https://duofilms.media/" "Mozilla/5.0 (X11; Linux x86_64) AppleWebKit/537.36 (KHTML, like Gecko) Chrome/131.0.0.0 Safari/537.36"
91.175.58.202 - - [10/Dec/2024:20:29:26 +0000] "GET /_wdt/7f78be?XDEBUG_IGNORE=1 HTTP/1.1" 404 515 "https://duofilms.media/" "Mozilla/5.0 (X11; Linux x86_64) AppleWebKit/537.36 (KHTML, like Gecko) Chrome/131.0.0.0 Safari/537.36"
91.175.58.202 - - [10/Dec/2024:20:29:28 +0000] "GET /_wdt/7f78be?XDEBUG_IGNORE=1 HTTP/1.1" 404 515 "https://duofilms.media/" "Mozilla/5.0 (X11; Linux x86_64) AppleWebKit/537.36 (KHTML, like Gecko) Chrome/131.0.0.0 Safari/537.36"
91.175.58.202 - - [10/Dec/2024:20:29:30 +0000] "GET /_wdt/7f78be?XDEBUG_IGNORE=1 HTTP/1.1" 404 515 "https://duofilms.media/" "Mozilla/5.0 (X11; Linux x86_64) AppleWebKit/537.36 (KHTML, like Gecko) Chrome/131.0.0.0 Safari/537.36"
91.175.58.202 - - [10/Dec/2024:20:29:32 +0000] "GET /_wdt/7f78be?XDEBUG_IGNORE=1 HTTP/1.1" 404 515 "https://duofilms.media/" "Mozilla/5.0 (X11; Linux x86_64) AppleWebKit/537.36 (KHTML, like Gecko) Chrome/131.0.0.0 Safari/537.36"
91.175.58.202 - - [10/Dec/2024:20:29:34 +0000] "GET /_wdt/7f78be?XDEBUG_IGNORE=1 HTTP/1.1" 404 515 "https://duofilms.media/" "Mozilla/5.0 (X11; Linux x86_64) AppleWebKit/537.36 (KHTML, like Gecko) Chrome/131.0.0.0 Safari/537.36"
91.175.58.202 - - [10/Dec/2024:20:29:36 +0000] "GET /_wdt/7f78be?XDEBUG_IGNORE=1 HTTP/1.1" 404 515 "https://duofilms.media/" "Mozilla/5.0 (X11; Linux x86_64) AppleWebKit/537.36 (KHTML, like Gecko) Chrome/131.0.0.0 Safari/537.36"
91.175.58.202 - - [10/Dec/2024:20:29:38 +0000] "GET /_wdt/7f78be?XDEBUG_IGNORE=1 HTTP/1.1" 404 515 "https://duofilms.media/" "Mozilla/5.0 (X11; Linux x86_64) AppleWebKit/537.36 (KHTML, like Gecko) Chrome/131.0.0.0 Safari/537.36"
91.175.58.202 - - [10/Dec/2024:20:29:40 +0000] "GET /_wdt/7f78be?XDEBUG_IGNORE=1 HTTP/1.1" 404 515 "https://duofilms.media/" "Mozilla/5.0 (X11; Linux x86_64) AppleWebKit/537.36 (KHTML, like Gecko) Chrome/131.0.0.0 Safari/537.36"
91.175.58.202 - - [10/Dec/2024:20:29:42 +0000] "GET /_wdt/7f78be?XDEBUG_IGNORE=1 HTTP/1.1" 404 515 "https://duofilms.media/" "Mozilla/5.0 (X11; Linux x86_64) AppleWebKit/537.36 (KHTML, like Gecko) Chrome/131.0.0.0 Safari/537.36"
91.175.58.202 - - [10/Dec/2024:20:29:44 +0000] "GET /_wdt/7f78be?XDEBUG_IGNORE=1 HTTP/1.1" 404 515 "https://duofilms.media/" "Mozilla/5.0 (X11; Linux x86_64) AppleWebKit/537.36 (KHTML, like Gecko) Chrome/131.0.0.0 Safari/537.36"
91.175.58.202 - - [10/Dec/2024:20:29:46 +0000] "GET /_wdt/7f78be?XDEBUG_IGNORE=1 HTTP/1.1" 404 515 "https://duofilms.media/" "Mozilla/5.0 (X11; Linux x86_64) AppleWebKit/537.36 (KHTML, like Gecko) Chrome/131.0.0.0 Safari/537.36"
91.175.58.202 - - [10/Dec/2024:20:29:48 +0000] "GET /_wdt/7f78be?XDEBUG_IGNORE=1 HTTP/1.1" 404 515 "https://duofilms.media/" "Mozilla/5.0 (X11; Linux x86_64) AppleWebKit/537.36 (KHTML, like Gecko) Chrome/131.0.0.0 Safari/537.36"
91.175.58.202 - - [10/Dec/2024:20:29:50 +0000] "GET /_wdt/7f78be?XDEBUG_IGNORE=1 HTTP/1.1" 404 515 "https://duofilms.media/" "Mozilla/5.0 (X11; Linux x86_64) AppleWebKit/537.36 (KHTML, like Gecko) Chrome/131.0.0.0 Safari/537.36"
91.175.58.202 - - [10/Dec/2024:20:29:52 +0000] "GET /_wdt/7f78be?XDEBUG_IGNORE=1 HTTP/1.1" 404 515 "https://duofilms.media/" "Mozilla/5.0 (X11; Linux x86_64) AppleWebKit/537.36 (KHTML, like Gecko) Chrome/131.0.0.0 Safari/537.36"
91.175.58.202 - - [10/Dec/2024:20:29:54 +0000] "GET /_wdt/7f78be?XDEBUG_IGNORE=1 HTTP/1.1" 404 515 "https://duofilms.media/" "Mozilla/5.0 (X11; Linux x86_64) AppleWebKit/537.36 (KHTML, like Gecko) Chrome/131.0.0.0 Safari/537.36"
91.175.58.202 - - [10/Dec/2024:20:29:56 +0000] "GET /_wdt/7f78be?XDEBUG_IGNORE=1 HTTP/1.1" 404 515 "https://duofilms.media/" "Mozilla/5.0 (X11; Linux x86_64) AppleWebKit/537.36 (KHTML, like Gecko) Chrome/131.0.0.0 Safari/537.36"
91.175.58.202 - - [10/Dec/2024:20:29:58 +0000] "GET /_wdt/7f78be?XDEBUG_IGNORE=1 HTTP/1.1" 404 515 "https://duofilms.media/" "Mozilla/5.0 (X11; Linux x86_64) AppleWebKit/537.36 (KHTML, like Gecko) Chrome/131.0.0.0 Safari/537.36"
91.175.58.202 - - [10/Dec/2024:20:30:00 +0000] "GET /_wdt/7f78be?XDEBUG_IGNORE=1 HTTP/1.1" 404 515 "https://duofilms.media/" "Mozilla/5.0 (X11; Linux x86_64) AppleWebKit/537.36 (KHTML, like Gecko) Chrome/131.0.0.0 Safari/537.36"
91.175.58.202 - - [10/Dec/2024:20:30:02 +0000] "GET /_wdt/7f78be?XDEBUG_IGNORE=1 HTTP/1.1" 404 515 "https://duofilms.media/" "Mozilla/5.0 (X11; Linux x86_64) AppleWebKit/537.36 (KHTML, like Gecko) Chrome/131.0.0.0 Safari/537.36"
91.175.58.202 - - [10/Dec/2024:20:30:04 +0000] "GET /_wdt/7f78be?XDEBUG_IGNORE=1 HTTP/1.1" 404 515 "https://duofilms.media/" "Mozilla/5.0 (X11; Linux x86_64) AppleWebKit/537.36 (KHTML, like Gecko) Chrome/131.0.0.0 Safari/537.36"
91.175.58.202 - - [10/Dec/2024:20:30:06 +0000] "GET /_wdt/7f78be?XDEBUG_IGNORE=1 HTTP/1.1" 404 515 "https://duofilms.media/" "Mozilla/5.0 (X11; Linux x86_64) AppleWebKit/537.36 (KHTML, like Gecko) Chrome/131.0.0.0 Safari/537.36"
91.175.58.202 - - [10/Dec/2024:20:30:08 +0000] "GET /_wdt/7f78be?XDEBUG_IGNORE=1 HTTP/1.1" 404 515 "https://duofilms.media/" "Mozilla/5.0 (X11; Linux x86_64) AppleWebKit/537.36 (KHTML, like Gecko) Chrome/131.0.0.0 Safari/537.36"
91.175.58.202 - - [10/Dec/2024:20:30:10 +0000] "GET /_wdt/7f78be?XDEBUG_IGNORE=1 HTTP/1.1" 404 515 "https://duofilms.media/" "Mozilla/5.0 (X11; Linux x86_64) AppleWebKit/537.36 (KHTML, like Gecko) Chrome/131.0.0.0 Safari/537.36"
91.175.58.202 - - [10/Dec/2024:20:30:12 +0000] "GET /_wdt/7f78be?XDEBUG_IGNORE=1 HTTP/1.1" 404 515 "https://duofilms.media/" "Mozilla/5.0 (X11; Linux x86_64) AppleWebKit/537.36 (KHTML, like Gecko) Chrome/131.0.0.0 Safari/537.36"
91.175.58.202 - - [10/Dec/2024:20:30:14 +0000] "GET /_wdt/7f78be?XDEBUG_IGNORE=1 HTTP/1.1" 404 515 "https://duofilms.media/" "Mozilla/5.0 (X11; Linux x86_64) AppleWebKit/537.36 (KHTML, like Gecko) Chrome/131.0.0.0 Safari/537.36"
91.175.58.202 - - [10/Dec/2024:20:30:16 +0000] "GET /_wdt/7f78be?XDEBUG_IGNORE=1 HTTP/1.1" 404 515 "https://duofilms.media/" "Mozilla/5.0 (X11; Linux x86_64) AppleWebKit/537.36 (KHTML, like Gecko) Chrome/131.0.0.0 Safari/537.36"
91.175.58.202 - - [10/Dec/2024:20:30:18 +0000] "GET /_wdt/7f78be?XDEBUG_IGNORE=1 HTTP/1.1" 404 515 "https://duofilms.media/" "Mozilla/5.0 (X11; Linux x86_64) AppleWebKit/537.36 (KHTML, like Gecko) Chrome/131.0.0.0 Safari/537.36"
91.175.58.202 - - [10/Dec/2024:20:30:20 +0000] "GET /_wdt/7f78be?XDEBUG_IGNORE=1 HTTP/1.1" 404 515 "https://duofilms.media/" "Mozilla/5.0 (X11; Linux x86_64) AppleWebKit/537.36 (KHTML, like Gecko) Chrome/131.0.0.0 Safari/537.36"
91.175.58.202 - - [10/Dec/2024:20:30:22 +0000] "GET /_wdt/7f78be?XDEBUG_IGNORE=1 HTTP/1.1" 404 515 "https://duofilms.media/" "Mozilla/5.0 (X11; Linux x86_64) AppleWebKit/537.36 (KHTML, like Gecko) Chrome/131.0.0.0 Safari/537.36"
91.175.58.202 - - [10/Dec/2024:20:30:24 +0000] "GET /_wdt/7f78be?XDEBUG_IGNORE=1 HTTP/1.1" 404 515 "https://duofilms.media/" "Mozilla/5.0 (X11; Linux x86_64) AppleWebKit/537.36 (KHTML, like Gecko) Chrome/131.0.0.0 Safari/537.36"
91.175.58.202 - - [10/Dec/2024:20:30:26 +0000] "GET /_wdt/7f78be?XDEBUG_IGNORE=1 HTTP/1.1" 404 515 "https://duofilms.media/" "Mozilla/5.0 (X11; Linux x86_64) AppleWebKit/537.36 (KHTML, like Gecko) Chrome/131.0.0.0 Safari/537.36"
91.175.58.202 - - [10/Dec/2024:20:30:28 +0000] "GET /_wdt/7f78be?XDEBUG_IGNORE=1 HTTP/1.1" 404 515 "https://duofilms.media/" "Mozilla/5.0 (X11; Linux x86_64) AppleWebKit/537.36 (KHTML, like Gecko) Chrome/131.0.0.0 Safari/537.36"
91.175.58.202 - - [10/Dec/2024:20:30:30 +0000] "GET /_wdt/7f78be?XDEBUG_IGNORE=1 HTTP/1.1" 404 515 "https://duofilms.media/" "Mozilla/5.0 (X11; Linux x86_64) AppleWebKit/537.36 (KHTML, like Gecko) Chrome/131.0.0.0 Safari/537.36"
91.175.58.202 - - [10/Dec/2024:20:30:32 +0000] "GET /_wdt/7f78be?XDEBUG_IGNORE=1 HTTP/1.1" 404 515 "https://duofilms.media/" "Mozilla/5.0 (X11; Linux x86_64) AppleWebKit/537.36 (KHTML, like Gecko) Chrome/131.0.0.0 Safari/537.36"
91.175.58.202 - - [10/Dec/2024:20:30:34 +0000] "GET /_wdt/7f78be?XDEBUG_IGNORE=1 HTTP/1.1" 404 515 "https://duofilms.media/" "Mozilla/5.0 (X11; Linux x86_64) AppleWebKit/537.36 (KHTML, like Gecko) Chrome/131.0.0.0 Safari/537.36"
91.175.58.202 - - [10/Dec/2024:20:30:36 +0000] "GET /_wdt/7f78be?XDEBUG_IGNORE=1 HTTP/1.1" 404 515 "https://duofilms.media/" "Mozilla/5.0 (X11; Linux x86_64) AppleWebKit/537.36 (KHTML, like Gecko) Chrome/131.0.0.0 Safari/537.36"
172.69.223.196 - - [10/Dec/2024:20:30:37 +0000] "GET /wordpress/wp-admin/setup-config.php HTTP/1.1" 301 641 "-" "Mozilla/5.0 (Windows NT 10.0; Win64; x64) AppleWebKit/537.36 (KHTML, like Gecko) Chrome/131.0.0.0 Safari/537.36"
172.69.223.102 - - [10/Dec/2024:20:30:37 +0000] "GET /wordpress/wp-admin/setup-config.php HTTP/1.1" 404 3084 "-" "Mozilla/5.0 (Windows NT 10.0; Win64; x64) AppleWebKit/537.36 (KHTML, like Gecko) Chrome/131.0.0.0 Safari/537.36"
91.175.58.202 - - [10/Dec/2024:20:30:38 +0000] "GET /_wdt/7f78be?XDEBUG_IGNORE=1 HTTP/1.1" 404 515 "https://duofilms.media/" "Mozilla/5.0 (X11; Linux x86_64) AppleWebKit/537.36 (KHTML, like Gecko) Chrome/131.0.0.0 Safari/537.36"
91.175.58.202 - - [10/Dec/2024:20:30:40 +0000] "GET /_wdt/7f78be?XDEBUG_IGNORE=1 HTTP/1.1" 404 515 "https://duofilms.media/" "Mozilla/5.0 (X11; Linux x86_64) AppleWebKit/537.36 (KHTML, like Gecko) Chrome/131.0.0.0 Safari/537.36"
91.175.58.202 - - [10/Dec/2024:20:30:42 +0000] "GET /_wdt/7f78be?XDEBUG_IGNORE=1 HTTP/1.1" 404 515 "https://duofilms.media/" "Mozilla/5.0 (X11; Linux x86_64) AppleWebKit/537.36 (KHTML, like Gecko) Chrome/131.0.0.0 Safari/537.36"
91.175.58.202 - - [10/Dec/2024:20:30:44 +0000] "GET /_wdt/7f78be?XDEBUG_IGNORE=1 HTTP/1.1" 404 515 "https://duofilms.media/" "Mozilla/5.0 (X11; Linux x86_64) AppleWebKit/537.36 (KHTML, like Gecko) Chrome/131.0.0.0 Safari/537.36"
91.175.58.202 - - [10/Dec/2024:20:30:46 +0000] "GET /_wdt/7f78be?XDEBUG_IGNORE=1 HTTP/1.1" 404 515 "https://duofilms.media/" "Mozilla/5.0 (X11; Linux x86_64) AppleWebKit/537.36 (KHTML, like Gecko) Chrome/131.0.0.0 Safari/537.36"
91.175.58.202 - - [10/Dec/2024:20:30:48 +0000] "GET /_wdt/7f78be?XDEBUG_IGNORE=1 HTTP/1.1" 404 515 "https://duofilms.media/" "Mozilla/5.0 (X11; Linux x86_64) AppleWebKit/537.36 (KHTML, like Gecko) Chrome/131.0.0.0 Safari/537.36"
91.175.58.202 - - [10/Dec/2024:20:30:50 +0000] "GET /_wdt/7f78be?XDEBUG_IGNORE=1 HTTP/1.1" 404 515 "https://duofilms.media/" "Mozilla/5.0 (X11; Linux x86_64) AppleWebKit/537.36 (KHTML, like Gecko) Chrome/131.0.0.0 Safari/537.36"
91.175.58.202 - - [10/Dec/2024:20:30:52 +0000] "GET /_wdt/7f78be?XDEBUG_IGNORE=1 HTTP/1.1" 404 515 "https://duofilms.media/" "Mozilla/5.0 (X11; Linux x86_64) AppleWebKit/537.36 (KHTML, like Gecko) Chrome/131.0.0.0 Safari/537.36"
91.175.58.202 - - [10/Dec/2024:20:30:54 +0000] "GET /_wdt/7f78be?XDEBUG_IGNORE=1 HTTP/1.1" 404 515 "https://duofilms.media/" "Mozilla/5.0 (X11; Linux x86_64) AppleWebKit/537.36 (KHTML, like Gecko) Chrome/131.0.0.0 Safari/537.36"
91.175.58.202 - - [10/Dec/2024:20:30:56 +0000] "GET /_wdt/7f78be?XDEBUG_IGNORE=1 HTTP/1.1" 404 515 "https://duofilms.media/" "Mozilla/5.0 (X11; Linux x86_64) AppleWebKit/537.36 (KHTML, like Gecko) Chrome/131.0.0.0 Safari/537.36"
