172.226.28.18 - - [10/Dec/2024:20:24:00 +0000] "GET /_wdt/247d6b?XDEBUG_IGNORE=1 HTTP/1.1" 404 515 "https://duofilms.media/" "Mozilla/5.0 (iPhone; CPU iPhone OS 18_1_1 like Mac OS X) AppleWebKit/605.1.15 (KHTML, like Gecko) Version/18.1.1 Mobile/15E148 Safari/604.1"
172.226.28.18 - - [10/Dec/2024:20:24:00 +0000] "GET /images/trust/global_service.png HTTP/1.1" 200 8469 "https://duofilms.media/" "Mozilla/5.0 (iPhone; CPU iPhone OS 18_1_1 like Mac OS X) AppleWebKit/605.1.15 (KHTML, like Gecko) Version/18.1.1 Mobile/15E148 Safari/604.1"
172.226.28.18 - - [10/Dec/2024:20:24:00 +0000] "GET /images/trust/fozmolas.png HTTP/1.1" 200 481294 "https://duofilms.media/" "Mozilla/5.0 (iPhone; CPU iPhone OS 18_1_1 like Mac OS X) AppleWebKit/605.1.15 (KHTML, like Gecko) Version/18.1.1 Mobile/15E148 Safari/604.1"
91.175.58.202 - - [10/Dec/2024:20:24:00 +0000] "GET /_wdt/7f78be?XDEBUG_IGNORE=1 HTTP/1.1" 404 515 "https://duofilms.media/" "Mozilla/5.0 (X11; Linux x86_64) AppleWebKit/537.36 (KHTML, like Gecko) Chrome/131.0.0.0 Safari/537.36"
172.226.28.18 - - [10/Dec/2024:20:24:00 +0000] "GET /_wdt/247d6b?XDEBUG_IGNORE=1 HTTP/1.1" 404 515 "https://duofilms.media/" "Mozilla/5.0 (iPhone; CPU iPhone OS 18_1_1 like Mac OS X) AppleWebKit/605.1.15 (KHTML, like Gecko) Version/18.1.1 Mobile/15E148 Safari/604.1"
172.226.28.18 - - [10/Dec/2024:20:24:01 +0000] "GET /favicon.ico HTTP/1.1" 404 515 "https://duofilms.media/" "Mozilla/5.0 (iPhone; CPU iPhone OS 18_1_1 like Mac OS X) AppleWebKit/605.1.15 (KHTML, like Gecko) Version/18.1.1 Mobile/15E148 Safari/604.1"
172.226.28.18 - - [10/Dec/2024:20:24:01 +0000] "GET /_wdt/247d6b?XDEBUG_IGNORE=1 HTTP/1.1" 404 515 "https://duofilms.media/" "Mozilla/5.0 (iPhone; CPU iPhone OS 18_1_1 like Mac OS X) AppleWebKit/605.1.15 (KHTML, like Gecko) Version/18.1.1 Mobile/15E148 Safari/604.1"
91.175.58.202 - - [10/Dec/2024:20:24:01 +0000] "GET /_wdt/7f78be?XDEBUG_IGNORE=1 HTTP/1.1" 404 515 "https://duofilms.media/" "Mozilla/5.0 (X11; Linux x86_64) AppleWebKit/537.36 (KHTML, like Gecko) Chrome/131.0.0.0 Safari/537.36"
172.226.28.18 - - [10/Dec/2024:20:24:02 +0000] "GET /_wdt/247d6b?XDEBUG_IGNORE=1 HTTP/1.1" 404 515 "https://duofilms.media/" "Mozilla/5.0 (iPhone; CPU iPhone OS 18_1_1 like Mac OS X) AppleWebKit/605.1.15 (KHTML, like Gecko) Version/18.1.1 Mobile/15E148 Safari/604.1"
91.175.58.202 - - [10/Dec/2024:20:24:02 +0000] "GET /_wdt/7f78be?XDEBUG_IGNORE=1 HTTP/1.1" 404 515 "https://duofilms.media/" "Mozilla/5.0 (X11; Linux x86_64) AppleWebKit/537.36 (KHTML, like Gecko) Chrome/131.0.0.0 Safari/537.36"
172.226.28.18 - - [10/Dec/2024:20:24:03 +0000] "GET /apple-touch-icon-precomposed.png HTTP/1.1" 404 515 "-" "NetworkingExtension/8619.2.8.10.9 Network/4277.42.2 iOS/18.1.1"
172.226.28.18 - - [10/Dec/2024:20:24:03 +0000] "GET /apple-touch-icon.png HTTP/1.1" 404 515 "-" "NetworkingExtension/8619.2.8.10.9 Network/4277.42.2 iOS/18.1.1"
172.226.28.18 - - [10/Dec/2024:20:24:03 +0000] "GET /favicon.ico HTTP/1.1" 404 515 "-" "NetworkingExtension/8619.2.8.10.9 Network/4277.42.2 iOS/18.1.1"
172.226.28.18 - - [10/Dec/2024:20:24:03 +0000] "GET /images/img_5.png HTTP/1.1" 200 1572230 "-" "NetworkingExtension/8619.2.8.10.9 Network/4277.42.2 iOS/18.1.1"
172.226.28.18 - - [10/Dec/2024:20:24:03 +0000] "GET /_wdt/247d6b?XDEBUG_IGNORE=1 HTTP/1.1" 404 515 "https://duofilms.media/" "Mozilla/5.0 (iPhone; CPU iPhone OS 18_1_1 like Mac OS X) AppleWebKit/605.1.15 (KHTML, like Gecko) Version/18.1.1 Mobile/15E148 Safari/604.1"
91.175.58.202 - - [10/Dec/2024:20:24:03 +0000] "GET /_wdt/7f78be?XDEBUG_IGNORE=1 HTTP/1.1" 404 515 "https://duofilms.media/" "Mozilla/5.0 (X11; Linux x86_64) AppleWebKit/537.36 (KHTML, like Gecko) Chrome/131.0.0.0 Safari/537.36"
172.226.28.18 - - [10/Dec/2024:20:24:04 +0000] "GET /_wdt/247d6b?XDEBUG_IGNORE=1 HTTP/1.1" 404 515 "https://duofilms.media/" "Mozilla/5.0 (iPhone; CPU iPhone OS 18_1_1 like Mac OS X) AppleWebKit/605.1.15 (KHTML, like Gecko) Version/18.1.1 Mobile/15E148 Safari/604.1"
91.175.58.202 - - [10/Dec/2024:20:24:04 +0000] "GET /_wdt/7f78be?XDEBUG_IGNORE=1 HTTP/1.1" 404 515 "https://duofilms.media/" "Mozilla/5.0 (X11; Linux x86_64) AppleWebKit/537.36 (KHTML, like Gecko) Chrome/131.0.0.0 Safari/537.36"
172.226.28.18 - - [10/Dec/2024:20:24:05 +0000] "GET /_wdt/247d6b?XDEBUG_IGNORE=1 HTTP/1.1" 404 515 "https://duofilms.media/" "Mozilla/5.0 (iPhone; CPU iPhone OS 18_1_1 like Mac OS X) AppleWebKit/605.1.15 (KHTML, like Gecko) Version/18.1.1 Mobile/15E148 Safari/604.1"
91.175.58.202 - - [10/Dec/2024:20:24:05 +0000] "GET /_wdt/7f78be?XDEBUG_IGNORE=1 HTTP/1.1" 404 515 "https://duofilms.media/" "Mozilla/5.0 (X11; Linux x86_64) AppleWebKit/537.36 (KHTML, like Gecko) Chrome/131.0.0.0 Safari/537.36"
172.226.28.18 - - [10/Dec/2024:20:24:06 +0000] "GET /_wdt/247d6b?XDEBUG_IGNORE=1 HTTP/1.1" 404 515 "https://duofilms.media/" "Mozilla/5.0 (iPhone; CPU iPhone OS 18_1_1 like Mac OS X) AppleWebKit/605.1.15 (KHTML, like Gecko) Version/18.1.1 Mobile/15E148 Safari/604.1"
91.175.58.202 - - [10/Dec/2024:20:24:06 +0000] "GET /_wdt/7f78be?XDEBUG_IGNORE=1 HTTP/1.1" 404 515 "https://duofilms.media/" "Mozilla/5.0 (X11; Linux x86_64) AppleWebKit/537.36 (KHTML, like Gecko) Chrome/131.0.0.0 Safari/537.36"
91.175.58.202 - - [10/Dec/2024:20:24:07 +0000] "GET /_wdt/7f78be?XDEBUG_IGNORE=1 HTTP/1.1" 404 515 "https://duofilms.media/" "Mozilla/5.0 (X11; Linux x86_64) AppleWebKit/537.36 (KHTML, like Gecko) Chrome/131.0.0.0 Safari/537.36"
91.175.58.202 - - [10/Dec/2024:20:24:08 +0000] "GET /_wdt/7f78be?XDEBUG_IGNORE=1 HTTP/1.1" 404 515 "https://duofilms.media/" "Mozilla/5.0 (X11; Linux x86_64) AppleWebKit/537.36 (KHTML, like Gecko) Chrome/131.0.0.0 Safari/537.36"
91.175.58.202 - - [10/Dec/2024:20:24:09 +0000] "GET /_wdt/7f78be?XDEBUG_IGNORE=1 HTTP/1.1" 404 515 "https://duofilms.media/" "Mozilla/5.0 (X11; Linux x86_64) AppleWebKit/537.36 (KHTML, like Gecko) Chrome/131.0.0.0 Safari/537.36"
91.175.58.202 - - [10/Dec/2024:20:24:10 +0000] "GET /_wdt/7f78be?XDEBUG_IGNORE=1 HTTP/1.1" 404 515 "https://duofilms.media/" "Mozilla/5.0 (X11; Linux x86_64) AppleWebKit/537.36 (KHTML, like Gecko) Chrome/131.0.0.0 Safari/537.36"
91.175.58.202 - - [10/Dec/2024:20:24:12 +0000] "GET /_wdt/7f78be?XDEBUG_IGNORE=1 HTTP/1.1" 404 515 "https://duofilms.media/" "Mozilla/5.0 (X11; Linux x86_64) AppleWebKit/537.36 (KHTML, like Gecko) Chrome/131.0.0.0 Safari/537.36"
91.175.58.202 - - [10/Dec/2024:20:24:13 +0000] "GET /_wdt/7f78be?XDEBUG_IGNORE=1 HTTP/1.1" 404 515 "https://duofilms.media/" "Mozilla/5.0 (X11; Linux x86_64) AppleWebKit/537.36 (KHTML, like Gecko) Chrome/131.0.0.0 Safari/537.36"
91.175.58.202 - - [10/Dec/2024:20:24:14 +0000] "GET /_wdt/7f78be?XDEBUG_IGNORE=1 HTTP/1.1" 404 515 "https://duofilms.media/" "Mozilla/5.0 (X11; Linux x86_64) AppleWebKit/537.36 (KHTML, like Gecko) Chrome/131.0.0.0 Safari/537.36"
91.175.58.202 - - [10/Dec/2024:20:24:15 +0000] "GET /_wdt/7f78be?XDEBUG_IGNORE=1 HTTP/1.1" 404 515 "https://duofilms.media/" "Mozilla/5.0 (X11; Linux x86_64) AppleWebKit/537.36 (KHTML, like Gecko) Chrome/131.0.0.0 Safari/537.36"
91.175.58.202 - - [10/Dec/2024:20:24:16 +0000] "GET /_wdt/7f78be?XDEBUG_IGNORE=1 HTTP/1.1" 404 515 "https://duofilms.media/" "Mozilla/5.0 (X11; Linux x86_64) AppleWebKit/537.36 (KHTML, like Gecko) Chrome/131.0.0.0 Safari/537.36"
91.175.58.202 - - [10/Dec/2024:20:24:17 +0000] "GET /_wdt/7f78be?XDEBUG_IGNORE=1 HTTP/1.1" 404 515 "https://duofilms.media/" "Mozilla/5.0 (X11; Linux x86_64) AppleWebKit/537.36 (KHTML, like Gecko) Chrome/131.0.0.0 Safari/537.36"
91.175.58.202 - - [10/Dec/2024:20:24:18 +0000] "GET /_wdt/7f78be?XDEBUG_IGNORE=1 HTTP/1.1" 404 515 "https://duofilms.media/" "Mozilla/5.0 (X11; Linux x86_64) AppleWebKit/537.36 (KHTML, like Gecko) Chrome/131.0.0.0 Safari/537.36"
91.175.58.202 - - [10/Dec/2024:20:24:19 +0000] "GET /_wdt/7f78be?XDEBUG_IGNORE=1 HTTP/1.1" 404 515 "https://duofilms.media/" "Mozilla/5.0 (X11; Linux x86_64) AppleWebKit/537.36 (KHTML, like Gecko) Chrome/131.0.0.0 Safari/537.36"
37.171.179.128 - - [10/Dec/2024:20:24:19 +0000] "GET / HTTP/1.1" 200 14449 "-" "WhatsApp/2.23.20.0"
91.175.58.202 - - [10/Dec/2024:20:24:20 +0000] "GET /_wdt/7f78be?XDEBUG_IGNORE=1 HTTP/1.1" 404 515 "https://duofilms.media/" "Mozilla/5.0 (X11; Linux x86_64) AppleWebKit/537.36 (KHTML, like Gecko) Chrome/131.0.0.0 Safari/537.36"
91.175.58.202 - - [10/Dec/2024:20:24:21 +0000] "GET /_wdt/7f78be?XDEBUG_IGNORE=1 HTTP/1.1" 404 515 "https://duofilms.media/" "Mozilla/5.0 (X11; Linux x86_64) AppleWebKit/537.36 (KHTML, like Gecko) Chrome/131.0.0.0 Safari/537.36"
91.175.58.202 - - [10/Dec/2024:20:24:22 +0000] "GET /_wdt/7f78be?XDEBUG_IGNORE=1 HTTP/1.1" 404 515 "https://duofilms.media/" "Mozilla/5.0 (X11; Linux x86_64) AppleWebKit/537.36 (KHTML, like Gecko) Chrome/131.0.0.0 Safari/537.36"
91.175.58.202 - - [10/Dec/2024:20:24:23 +0000] "GET /_wdt/7f78be?XDEBUG_IGNORE=1 HTTP/1.1" 404 515 "https://duofilms.media/" "Mozilla/5.0 (X11; Linux x86_64) AppleWebKit/537.36 (KHTML, like Gecko) Chrome/131.0.0.0 Safari/537.36"
91.175.58.202 - - [10/Dec/2024:20:24:24 +0000] "GET /_wdt/7f78be?XDEBUG_IGNORE=1 HTTP/1.1" 404 515 "https://duofilms.media/" "Mozilla/5.0 (X11; Linux x86_64) AppleWebKit/537.36 (KHTML, like Gecko) Chrome/131.0.0.0 Safari/537.36"
91.175.58.202 - - [10/Dec/2024:20:24:25 +0000] "GET /_wdt/7f78be?XDEBUG_IGNORE=1 HTTP/1.1" 404 515 "https://duofilms.media/" "Mozilla/5.0 (X11; Linux x86_64) AppleWebKit/537.36 (KHTML, like Gecko) Chrome/131.0.0.0 Safari/537.36"
91.175.58.202 - - [10/Dec/2024:20:24:26 +0000] "GET /_wdt/7f78be?XDEBUG_IGNORE=1 HTTP/1.1" 404 515 "https://duofilms.media/" "Mozilla/5.0 (X11; Linux x86_64) AppleWebKit/537.36 (KHTML, like Gecko) Chrome/131.0.0.0 Safari/537.36"
91.175.58.202 - - [10/Dec/2024:20:24:27 +0000] "GET /_wdt/7f78be?XDEBUG_IGNORE=1 HTTP/1.1" 404 515 "https://duofilms.media/" "Mozilla/5.0 (X11; Linux x86_64) AppleWebKit/537.36 (KHTML, like Gecko) Chrome/131.0.0.0 Safari/537.36"
91.175.58.202 - - [10/Dec/2024:20:24:28 +0000] "GET /_wdt/7f78be?XDEBUG_IGNORE=1 HTTP/1.1" 404 515 "https://duofilms.media/" "Mozilla/5.0 (X11; Linux x86_64) AppleWebKit/537.36 (KHTML, like Gecko) Chrome/131.0.0.0 Safari/537.36"
91.175.58.202 - - [10/Dec/2024:20:24:29 +0000] "GET /_wdt/7f78be?XDEBUG_IGNORE=1 HTTP/1.1" 404 515 "https://duofilms.media/" "Mozilla/5.0 (X11; Linux x86_64) AppleWebKit/537.36 (KHTML, like Gecko) Chrome/131.0.0.0 Safari/537.36"
91.175.58.202 - - [10/Dec/2024:20:24:30 +0000] "GET /_wdt/7f78be?XDEBUG_IGNORE=1 HTTP/1.1" 404 515 "https://duofilms.media/" "Mozilla/5.0 (X11; Linux x86_64) AppleWebKit/537.36 (KHTML, like Gecko) Chrome/131.0.0.0 Safari/537.36"
91.175.58.202 - - [10/Dec/2024:20:24:31 +0000] "GET /_wdt/7f78be?XDEBUG_IGNORE=1 HTTP/1.1" 404 515 "https://duofilms.media/" "Mozilla/5.0 (X11; Linux x86_64) AppleWebKit/537.36 (KHTML, like Gecko) Chrome/131.0.0.0 Safari/537.36"
91.175.58.202 - - [10/Dec/2024:20:24:32 +0000] "GET /_wdt/7f78be?XDEBUG_IGNORE=1 HTTP/1.1" 404 515 "https://duofilms.media/" "Mozilla/5.0 (X11; Linux x86_64) AppleWebKit/537.36 (KHTML, like Gecko) Chrome/131.0.0.0 Safari/537.36"
91.175.58.202 - - [10/Dec/2024:20:24:33 +0000] "GET /_wdt/7f78be?XDEBUG_IGNORE=1 HTTP/1.1" 404 515 "https://duofilms.media/" "Mozilla/5.0 (X11; Linux x86_64) AppleWebKit/537.36 (KHTML, like Gecko) Chrome/131.0.0.0 Safari/537.36"
91.175.58.202 - - [10/Dec/2024:20:24:34 +0000] "GET /_wdt/7f78be?XDEBUG_IGNORE=1 HTTP/1.1" 404 515 "https://duofilms.media/" "Mozilla/5.0 (X11; Linux x86_64) AppleWebKit/537.36 (KHTML, like Gecko) Chrome/131.0.0.0 Safari/537.36"
91.175.58.202 - - [10/Dec/2024:20:24:35 +0000] "GET /_wdt/7f78be?XDEBUG_IGNORE=1 HTTP/1.1" 404 515 "https://duofilms.media/" "Mozilla/5.0 (X11; Linux x86_64) AppleWebKit/537.36 (KHTML, like Gecko) Chrome/131.0.0.0 Safari/537.36"
91.175.58.202 - - [10/Dec/2024:20:24:36 +0000] "GET /_wdt/7f78be?XDEBUG_IGNORE=1 HTTP/1.1" 404 515 "https://duofilms.media/" "Mozilla/5.0 (X11; Linux x86_64) AppleWebKit/537.36 (KHTML, like Gecko) Chrome/131.0.0.0 Safari/537.36"
91.175.58.202 - - [10/Dec/2024:20:24:37 +0000] "GET /_wdt/7f78be?XDEBUG_IGNORE=1 HTTP/1.1" 404 515 "https://duofilms.media/" "Mozilla/5.0 (X11; Linux x86_64) AppleWebKit/537.36 (KHTML, like Gecko) Chrome/131.0.0.0 Safari/537.36"
91.175.58.202 - - [10/Dec/2024:20:24:38 +0000] "GET /_wdt/7f78be?XDEBUG_IGNORE=1 HTTP/1.1" 404 515 "https://duofilms.media/" "Mozilla/5.0 (X11; Linux x86_64) AppleWebKit/537.36 (KHTML, like Gecko) Chrome/131.0.0.0 Safari/537.36"
91.175.58.202 - - [10/Dec/2024:20:24:39 +0000] "GET /_wdt/7f78be?XDEBUG_IGNORE=1 HTTP/1.1" 404 515 "https://duofilms.media/" "Mozilla/5.0 (X11; Linux x86_64) AppleWebKit/537.36 (KHTML, like Gecko) Chrome/131.0.0.0 Safari/537.36"
91.175.58.202 - - [10/Dec/2024:20:24:40 +0000] "GET /_wdt/7f78be?XDEBUG_IGNORE=1 HTTP/1.1" 404 515 "https://duofilms.media/" "Mozilla/5.0 (X11; Linux x86_64) AppleWebKit/537.36 (KHTML, like Gecko) Chrome/131.0.0.0 Safari/537.36"
91.175.58.202 - - [10/Dec/2024:20:24:41 +0000] "GET /_wdt/7f78be?XDEBUG_IGNORE=1 HTTP/1.1" 404 515 "https://duofilms.media/" "Mozilla/5.0 (X11; Linux x86_64) AppleWebKit/537.36 (KHTML, like Gecko) Chrome/131.0.0.0 Safari/537.36"
91.175.58.202 - - [10/Dec/2024:20:24:42 +0000] "GET /_wdt/7f78be?XDEBUG_IGNORE=1 HTTP/1.1" 404 515 "https://duofilms.media/" "Mozilla/5.0 (X11; Linux x86_64) AppleWebKit/537.36 (KHTML, like Gecko) Chrome/131.0.0.0 Safari/537.36"
91.175.58.202 - - [10/Dec/2024:20:24:43 +0000] "GET /_wdt/7f78be?XDEBUG_IGNORE=1 HTTP/1.1" 404 515 "https://duofilms.media/" "Mozilla/5.0 (X11; Linux x86_64) AppleWebKit/537.36 (KHTML, like Gecko) Chrome/131.0.0.0 Safari/537.36"
91.175.58.202 - - [10/Dec/2024:20:24:44 +0000] "GET /_wdt/7f78be?XDEBUG_IGNORE=1 HTTP/1.1" 404 515 "https://duofilms.media/" "Mozilla/5.0 (X11; Linux x86_64) AppleWebKit/537.36 (KHTML, like Gecko) Chrome/131.0.0.0 Safari/537.36"
91.175.58.202 - - [10/Dec/2024:20:24:45 +0000] "GET /_wdt/7f78be?XDEBUG_IGNORE=1 HTTP/1.1" 404 515 "https://duofilms.media/" "Mozilla/5.0 (X11; Linux x86_64) AppleWebKit/537.36 (KHTML, like Gecko) Chrome/131.0.0.0 Safari/537.36"
91.175.58.202 - - [10/Dec/2024:20:24:46 +0000] "GET /_wdt/7f78be?XDEBUG_IGNORE=1 HTTP/1.1" 404 515 "https://duofilms.media/" "Mozilla/5.0 (X11; Linux x86_64) AppleWebKit/537.36 (KHTML, like Gecko) Chrome/131.0.0.0 Safari/537.36"
91.175.58.202 - - [10/Dec/2024:20:24:47 +0000] "GET /portofolio HTTP/1.1" 404 515 "https://duofilms.media/" "Mozilla/5.0 (X11; Linux x86_64) AppleWebKit/537.36 (KHTML, like Gecko) Chrome/131.0.0.0 Safari/537.36"
102.208.150.162 - - [10/Dec/2024:20:24:51 +0000] "GET / HTTP/1.1" 200 14449 "-" "Mozilla/5.0 (iPhone; CPU iPhone OS 18_1_1 like Mac OS X) AppleWebKit/605.1.15 (KHTML, like Gecko) Version/18.1.1 Mobile/15E148 Safari/604.1"
102.208.150.162 - - [10/Dec/2024:20:24:51 +0000] "GET /assets/styles/app-3ERz8UN.css HTTP/1.1" 404 515 "https://duofilms.media/" "Mozilla/5.0 (iPhone; CPU iPhone OS 18_1_1 like Mac OS X) AppleWebKit/605.1.15 (KHTML, like Gecko) Version/18.1.1 Mobile/15E148 Safari/604.1"
102.208.150.162 - - [10/Dec/2024:20:24:52 +0000] "GET /build/runtime.05dacd30.js HTTP/1.1" 200 3475 "https://duofilms.media/" "Mozilla/5.0 (iPhone; CPU iPhone OS 18_1_1 like Mac OS X) AppleWebKit/605.1.15 (KHTML, like Gecko) Version/18.1.1 Mobile/15E148 Safari/604.1"
102.208.150.162 - - [10/Dec/2024:20:24:52 +0000] "GET /build/app.930d00d3.css HTTP/1.1" 200 9037 "https://duofilms.media/" "Mozilla/5.0 (iPhone; CPU iPhone OS 18_1_1 like Mac OS X) AppleWebKit/605.1.15 (KHTML, like Gecko) Version/18.1.1 Mobile/15E148 Safari/604.1"
102.208.150.162 - - [10/Dec/2024:20:24:52 +0000] "GET /build/app.652303d0.js HTTP/1.1" 200 3109 "https://duofilms.media/" "Mozilla/5.0 (iPhone; CPU iPhone OS 18_1_1 like Mac OS X) AppleWebKit/605.1.15 (KHTML, like Gecko) Version/18.1.1 Mobile/15E148 Safari/604.1"
102.208.150.162 - - [10/Dec/2024:20:24:52 +0000] "GET /_wdt/styles.css HTTP/1.1" 404 3085 "https://duofilms.media/" "Mozilla/5.0 (iPhone; CPU iPhone OS 18_1_1 like Mac OS X) AppleWebKit/605.1.15 (KHTML, like Gecko) Version/18.1.1 Mobile/15E148 Safari/604.1"
91.175.58.202 - - [10/Dec/2024:20:24:52 +0000] "GET /portofolio HTTP/1.1" 404 515 "-" "Mozilla/5.0 (X11; Linux x86_64) AppleWebKit/537.36 (KHTML, like Gecko) Chrome/131.0.0.0 Safari/537.36"
102.208.150.162 - - [10/Dec/2024:20:24:52 +0000] "GET /images/logo.png HTTP/1.1" 200 4918 "https://duofilms.media/" "Mozilla/5.0 (iPhone; CPU iPhone OS 18_1_1 like Mac OS X) AppleWebKit/605.1.15 (KHTML, like Gecko) Version/18.1.1 Mobile/15E148 Safari/604.1"
102.208.150.162 - - [10/Dec/2024:20:24:52 +0000] "GET /images/trust/ende.png HTTP/1.1" 200 9767 "https://duofilms.media/" "Mozilla/5.0 (iPhone; CPU iPhone OS 18_1_1 like Mac OS X) AppleWebKit/605.1.15 (KHTML, like Gecko) Version/18.1.1 Mobile/15E148 Safari/604.1"
102.208.150.162 - - [10/Dec/2024:20:24:52 +0000] "GET /images/trust/wami.png HTTP/1.1" 200 121821 "https://duofilms.media/" "Mozilla/5.0 (iPhone; CPU iPhone OS 18_1_1 like Mac OS X) AppleWebKit/605.1.15 (KHTML, like Gecko) Version/18.1.1 Mobile/15E148 Safari/604.1"
102.208.150.162 - - [10/Dec/2024:20:24:52 +0000] "GET /assets/app-jgPm2-L.js HTTP/1.1" 404 515 "https://duofilms.media/" "Mozilla/5.0 (iPhone; CPU iPhone OS 18_1_1 like Mac OS X) AppleWebKit/605.1.15 (KHTML, like Gecko) Version/18.1.1 Mobile/15E148 Safari/604.1"
102.208.150.162 - - [10/Dec/2024:20:24:52 +0000] "GET /_wdt/styles.css HTTP/1.1" 404 515 "https://duofilms.media/" "Mozilla/5.0 (iPhone; CPU iPhone OS 18_1_1 like Mac OS X) AppleWebKit/605.1.15 (KHTML, like Gecko) Version/18.1.1 Mobile/15E148 Safari/604.1"
102.208.150.162 - - [10/Dec/2024:20:24:52 +0000] "GET /_wdt/0c1e9f?XDEBUG_IGNORE=1 HTTP/1.1" 404 515 "https://duofilms.media/" "Mozilla/5.0 (iPhone; CPU iPhone OS 18_1_1 like Mac OS X) AppleWebKit/605.1.15 (KHTML, like Gecko) Version/18.1.1 Mobile/15E148 Safari/604.1"
102.208.150.162 - - [10/Dec/2024:20:24:53 +0000] "GET /assets/bootstrap-4lUEq-N.js HTTP/1.1" 404 515 "https://duofilms.media/" "Mozilla/5.0 (iPhone; CPU iPhone OS 18_1_1 like Mac OS X) AppleWebKit/605.1.15 (KHTML, like Gecko) Version/18.1.1 Mobile/15E148 Safari/604.1"
102.208.150.162 - - [10/Dec/2024:20:24:53 +0000] "GET /_wdt/0c1e9f?XDEBUG_IGNORE=1 HTTP/1.1" 404 515 "https://duofilms.media/" "Mozilla/5.0 (iPhone; CPU iPhone OS 18_1_1 like Mac OS X) AppleWebKit/605.1.15 (KHTML, like Gecko) Version/18.1.1 Mobile/15E148 Safari/604.1"
102.208.150.162 - - [10/Dec/2024:20:24:53 +0000] "GET /images/trust/global_service.png HTTP/1.1" 200 8469 "https://duofilms.media/" "Mozilla/5.0 (iPhone; CPU iPhone OS 18_1_1 like Mac OS X) AppleWebKit/605.1.15 (KHTML, like Gecko) Version/18.1.1 Mobile/15E148 Safari/604.1"
102.208.150.162 - - [10/Dec/2024:20:24:53 +0000] "GET /images/trust/fozmolas.png HTTP/1.1" 200 481294 "https://duofilms.media/" "Mozilla/5.0 (iPhone; CPU iPhone OS 18_1_1 like Mac OS X) AppleWebKit/605.1.15 (KHTML, like Gecko) Version/18.1.1 Mobile/15E148 Safari/604.1"
102.208.150.162 - - [10/Dec/2024:20:24:53 +0000] "GET /_wdt/0c1e9f?XDEBUG_IGNORE=1 HTTP/1.1" 404 515 "https://duofilms.media/" "Mozilla/5.0 (iPhone; CPU iPhone OS 18_1_1 like Mac OS X) AppleWebKit/605.1.15 (KHTML, like Gecko) Version/18.1.1 Mobile/15E148 Safari/604.1"
102.208.150.162 - - [10/Dec/2024:20:24:53 +0000] "GET /images/img_5.png HTTP/1.1" 200 1572230 "https://duofilms.media/" "Mozilla/5.0 (iPhone; CPU iPhone OS 18_1_1 like Mac OS X) AppleWebKit/605.1.15 (KHTML, like Gecko) Version/18.1.1 Mobile/15E148 Safari/604.1"
102.208.150.162 - - [10/Dec/2024:20:24:54 +0000] "GET /_wdt/0c1e9f?XDEBUG_IGNORE=1 HTTP/1.1" 404 515 "https://duofilms.media/" "Mozilla/5.0 (iPhone; CPU iPhone OS 18_1_1 like Mac OS X) AppleWebKit/605.1.15 (KHTML, like Gecko) Version/18.1.1 Mobile/15E148 Safari/604.1"
91.175.58.202 - - [10/Dec/2024:20:24:55 +0000] "GET /_wdt/7f78be?XDEBUG_IGNORE=1 HTTP/1.1" 404 515 "https://duofilms.media/" "Mozilla/5.0 (X11; Linux x86_64) AppleWebKit/537.36 (KHTML, like Gecko) Chrome/131.0.0.0 Safari/537.36"
91.175.58.202 - - [10/Dec/2024:20:24:56 +0000] "GET /_wdt/7f78be?XDEBUG_IGNORE=1 HTTP/1.1" 404 515 "https://duofilms.media/" "Mozilla/5.0 (X11; Linux x86_64) AppleWebKit/537.36 (KHTML, like Gecko) Chrome/131.0.0.0 Safari/537.36"
91.175.58.202 - - [10/Dec/2024:20:24:56 +0000] "GET /portofolio HTTP/1.1" 404 515 "https://duofilms.media/" "Mozilla/5.0 (X11; Linux x86_64) AppleWebKit/537.36 (KHTML, like Gecko) Chrome/131.0.0.0 Safari/537.36"
102.208.150.162 - - [10/Dec/2024:20:24:56 +0000] "GET /_wdt/0c1e9f?XDEBUG_IGNORE=1 HTTP/1.1" 404 515 "https://duofilms.media/" "Mozilla/5.0 (iPhone; CPU iPhone OS 18_1_1 like Mac OS X) AppleWebKit/605.1.15 (KHTML, like Gecko) Version/18.1.1 Mobile/15E148 Safari/604.1"
102.208.150.162 - - [10/Dec/2024:20:25:08 +0000] "GET /_wdt/0c1e9f?XDEBUG_IGNORE=1 HTTP/1.1" 404 3085 "https://duofilms.media/" "Mozilla/5.0 (iPhone; CPU iPhone OS 18_1_1 like Mac OS X) AppleWebKit/605.1.15 (KHTML, like Gecko) Version/18.1.1 Mobile/15E148 Safari/604.1"
102.208.150.162 - - [10/Dec/2024:20:25:09 +0000] "GET /_wdt/0c1e9f?XDEBUG_IGNORE=1 HTTP/1.1" 404 515 "https://duofilms.media/" "Mozilla/5.0 (iPhone; CPU iPhone OS 18_1_1 like Mac OS X) AppleWebKit/605.1.15 (KHTML, like Gecko) Version/18.1.1 Mobile/15E148 Safari/604.1"
102.208.150.162 - - [10/Dec/2024:20:25:10 +0000] "GET /favicon.ico HTTP/1.1" 404 3085 "https://duofilms.media/" "Mozilla/5.0 (iPhone; CPU iPhone OS 18_1_1 like Mac OS X) AppleWebKit/605.1.15 (KHTML, like Gecko) Version/18.1.1 Mobile/15E148 Safari/604.1"
102.208.150.162 - - [10/Dec/2024:20:25:12 +0000] "GET /_wdt/0c1e9f?XDEBUG_IGNORE=1 HTTP/1.1" 404 515 "https://duofilms.media/" "Mozilla/5.0 (iPhone; CPU iPhone OS 18_1_1 like Mac OS X) AppleWebKit/605.1.15 (KHTML, like Gecko) Version/18.1.1 Mobile/15E148 Safari/604.1"
102.208.150.162 - - [10/Dec/2024:20:25:13 +0000] "GET /_wdt/0c1e9f?XDEBUG_IGNORE=1 HTTP/1.1" 404 515 "https://duofilms.media/" "Mozilla/5.0 (iPhone; CPU iPhone OS 18_1_1 like Mac OS X) AppleWebKit/605.1.15 (KHTML, like Gecko) Version/18.1.1 Mobile/15E148 Safari/604.1"
102.208.150.162 - - [10/Dec/2024:20:25:14 +0000] "GET /_wdt/0c1e9f?XDEBUG_IGNORE=1 HTTP/1.1" 404 515 "https://duofilms.media/" "Mozilla/5.0 (iPhone; CPU iPhone OS 18_1_1 like Mac OS X) AppleWebKit/605.1.15 (KHTML, like Gecko) Version/18.1.1 Mobile/15E148 Safari/604.1"
102.208.150.162 - - [10/Dec/2024:20:25:15 +0000] "GET /_wdt/0c1e9f?XDEBUG_IGNORE=1 HTTP/1.1" 404 515 "https://duofilms.media/" "Mozilla/5.0 (iPhone; CPU iPhone OS 18_1_1 like Mac OS X) AppleWebKit/605.1.15 (KHTML, like Gecko) Version/18.1.1 Mobile/15E148 Safari/604.1"
102.208.150.162 - - [10/Dec/2024:20:25:17 +0000] "GET /_wdt/0c1e9f?XDEBUG_IGNORE=1 HTTP/1.1" 404 515 "https://duofilms.media/" "Mozilla/5.0 (iPhone; CPU iPhone OS 18_1_1 like Mac OS X) AppleWebKit/605.1.15 (KHTML, like Gecko) Version/18.1.1 Mobile/15E148 Safari/604.1"
91.175.58.202 - - [10/Dec/2024:20:25:17 +0000] "GET /_wdt/7f78be?XDEBUG_IGNORE=1 HTTP/1.1" 404 839 "https://duofilms.media/" "Mozilla/5.0 (X11; Linux x86_64) AppleWebKit/537.36 (KHTML, like Gecko) Chrome/131.0.0.0 Safari/537.36"
91.175.58.202 - - [10/Dec/2024:20:25:18 +0000] "GET /_wdt/7f78be?XDEBUG_IGNORE=1 HTTP/1.1" 404 515 "https://duofilms.media/" "Mozilla/5.0 (X11; Linux x86_64) AppleWebKit/537.36 (KHTML, like Gecko) Chrome/131.0.0.0 Safari/537.36"
102.208.150.162 - - [10/Dec/2024:20:25:18 +0000] "GET /_wdt/0c1e9f?XDEBUG_IGNORE=1 HTTP/1.1" 404 515 "https://duofilms.media/" "Mozilla/5.0 (iPhone; CPU iPhone OS 18_1_1 like Mac OS X) AppleWebKit/605.1.15 (KHTML, like Gecko) Version/18.1.1 Mobile/15E148 Safari/604.1"
91.175.58.202 - - [10/Dec/2024:20:25:19 +0000] "GET /_wdt/7f78be?XDEBUG_IGNORE=1 HTTP/1.1" 404 515 "https://duofilms.media/" "Mozilla/5.0 (X11; Linux x86_64) AppleWebKit/537.36 (KHTML, like Gecko) Chrome/131.0.0.0 Safari/537.36"
102.208.150.162 - - [10/Dec/2024:20:25:20 +0000] "GET /_wdt/0c1e9f?XDEBUG_IGNORE=1 HTTP/1.1" 404 515 "https://duofilms.media/" "Mozilla/5.0 (iPhone; CPU iPhone OS 18_1_1 like Mac OS X) AppleWebKit/605.1.15 (KHTML, like Gecko) Version/18.1.1 Mobile/15E148 Safari/604.1"
91.175.58.202 - - [10/Dec/2024:20:25:20 +0000] "GET /_wdt/7f78be?XDEBUG_IGNORE=1 HTTP/1.1" 404 515 "https://duofilms.media/" "Mozilla/5.0 (X11; Linux x86_64) AppleWebKit/537.36 (KHTML, like Gecko) Chrome/131.0.0.0 Safari/537.36"
91.175.58.202 - - [10/Dec/2024:20:25:21 +0000] "GET /_wdt/7f78be?XDEBUG_IGNORE=1 HTTP/1.1" 404 515 "https://duofilms.media/" "Mozilla/5.0 (X11; Linux x86_64) AppleWebKit/537.36 (KHTML, like Gecko) Chrome/131.0.0.0 Safari/537.36"
91.175.58.202 - - [10/Dec/2024:20:25:22 +0000] "GET /_wdt/7f78be?XDEBUG_IGNORE=1 HTTP/1.1" 404 515 "https://duofilms.media/" "Mozilla/5.0 (X11; Linux x86_64) AppleWebKit/537.36 (KHTML, like Gecko) Chrome/131.0.0.0 Safari/537.36"
102.208.150.162 - - [10/Dec/2024:20:25:22 +0000] "GET /_wdt/0c1e9f?XDEBUG_IGNORE=1 HTTP/1.1" 404 515 "https://duofilms.media/" "Mozilla/5.0 (iPhone; CPU iPhone OS 18_1_1 like Mac OS X) AppleWebKit/605.1.15 (KHTML, like Gecko) Version/18.1.1 Mobile/15E148 Safari/604.1"
91.175.58.202 - - [10/Dec/2024:20:25:23 +0000] "GET /_wdt/7f78be?XDEBUG_IGNORE=1 HTTP/1.1" 404 515 "https://duofilms.media/" "Mozilla/5.0 (X11; Linux x86_64) AppleWebKit/537.36 (KHTML, like Gecko) Chrome/131.0.0.0 Safari/537.36"
102.208.150.162 - - [10/Dec/2024:20:25:23 +0000] "GET /_wdt/0c1e9f?XDEBUG_IGNORE=1 HTTP/1.1" 404 515 "https://duofilms.media/" "Mozilla/5.0 (iPhone; CPU iPhone OS 18_1_1 like Mac OS X) AppleWebKit/605.1.15 (KHTML, like Gecko) Version/18.1.1 Mobile/15E148 Safari/604.1"
91.175.58.202 - - [10/Dec/2024:20:25:24 +0000] "GET /_wdt/7f78be?XDEBUG_IGNORE=1 HTTP/1.1" 404 515 "https://duofilms.media/" "Mozilla/5.0 (X11; Linux x86_64) AppleWebKit/537.36 (KHTML, like Gecko) Chrome/131.0.0.0 Safari/537.36"
102.208.150.162 - - [10/Dec/2024:20:25:24 +0000] "GET /_wdt/0c1e9f?XDEBUG_IGNORE=1 HTTP/1.1" 404 515 "https://duofilms.media/" "Mozilla/5.0 (iPhone; CPU iPhone OS 18_1_1 like Mac OS X) AppleWebKit/605.1.15 (KHTML, like Gecko) Version/18.1.1 Mobile/15E148 Safari/604.1"
91.175.58.202 - - [10/Dec/2024:20:25:25 +0000] "GET /_wdt/7f78be?XDEBUG_IGNORE=1 HTTP/1.1" 404 515 "https://duofilms.media/" "Mozilla/5.0 (X11; Linux x86_64) AppleWebKit/537.36 (KHTML, like Gecko) Chrome/131.0.0.0 Safari/537.36"
102.208.150.162 - - [10/Dec/2024:20:25:25 +0000] "GET /_wdt/0c1e9f?XDEBUG_IGNORE=1 HTTP/1.1" 404 515 "https://duofilms.media/" "Mozilla/5.0 (iPhone; CPU iPhone OS 18_1_1 like Mac OS X) AppleWebKit/605.1.15 (KHTML, like Gecko) Version/18.1.1 Mobile/15E148 Safari/604.1"
91.175.58.202 - - [10/Dec/2024:20:25:26 +0000] "GET /_wdt/7f78be?XDEBUG_IGNORE=1 HTTP/1.1" 404 515 "https://duofilms.media/" "Mozilla/5.0 (X11; Linux x86_64) AppleWebKit/537.36 (KHTML, like Gecko) Chrome/131.0.0.0 Safari/537.36"
91.175.58.202 - - [10/Dec/2024:20:25:27 +0000] "GET /_wdt/7f78be?XDEBUG_IGNORE=1 HTTP/1.1" 404 515 "https://duofilms.media/" "Mozilla/5.0 (X11; Linux x86_64) AppleWebKit/537.36 (KHTML, like Gecko) Chrome/131.0.0.0 Safari/537.36"
102.208.150.162 - - [10/Dec/2024:20:25:28 +0000] "GET /_wdt/0c1e9f?XDEBUG_IGNORE=1 HTTP/1.1" 404 515 "https://duofilms.media/" "Mozilla/5.0 (iPhone; CPU iPhone OS 18_1_1 like Mac OS X) AppleWebKit/605.1.15 (KHTML, like Gecko) Version/18.1.1 Mobile/15E148 Safari/604.1"
91.175.58.202 - - [10/Dec/2024:20:25:28 +0000] "GET /_wdt/7f78be?XDEBUG_IGNORE=1 HTTP/1.1" 404 515 "https://duofilms.media/" "Mozilla/5.0 (X11; Linux x86_64) AppleWebKit/537.36 (KHTML, like Gecko) Chrome/131.0.0.0 Safari/537.36"
102.208.150.162 - - [10/Dec/2024:20:25:29 +0000] "GET /_wdt/0c1e9f?XDEBUG_IGNORE=1 HTTP/1.1" 404 515 "https://duofilms.media/" "Mozilla/5.0 (iPhone; CPU iPhone OS 18_1_1 like Mac OS X) AppleWebKit/605.1.15 (KHTML, like Gecko) Version/18.1.1 Mobile/15E148 Safari/604.1"
91.175.58.202 - - [10/Dec/2024:20:25:29 +0000] "GET /_wdt/7f78be?XDEBUG_IGNORE=1 HTTP/1.1" 404 515 "https://duofilms.media/" "Mozilla/5.0 (X11; Linux x86_64) AppleWebKit/537.36 (KHTML, like Gecko) Chrome/131.0.0.0 Safari/537.36"
102.208.150.162 - - [10/Dec/2024:20:25:30 +0000] "GET /_wdt/0c1e9f?XDEBUG_IGNORE=1 HTTP/1.1" 404 515 "https://duofilms.media/" "Mozilla/5.0 (iPhone; CPU iPhone OS 18_1_1 like Mac OS X) AppleWebKit/605.1.15 (KHTML, like Gecko) Version/18.1.1 Mobile/15E148 Safari/604.1"
91.175.58.202 - - [10/Dec/2024:20:25:30 +0000] "GET /_wdt/7f78be?XDEBUG_IGNORE=1 HTTP/1.1" 404 515 "https://duofilms.media/" "Mozilla/5.0 (X11; Linux x86_64) AppleWebKit/537.36 (KHTML, like Gecko) Chrome/131.0.0.0 Safari/537.36"
102.208.150.162 - - [10/Dec/2024:20:25:31 +0000] "GET /_wdt/0c1e9f?XDEBUG_IGNORE=1 HTTP/1.1" 404 515 "https://duofilms.media/" "Mozilla/5.0 (iPhone; CPU iPhone OS 18_1_1 like Mac OS X) AppleWebKit/605.1.15 (KHTML, like Gecko) Version/18.1.1 Mobile/15E148 Safari/604.1"
91.175.58.202 - - [10/Dec/2024:20:25:31 +0000] "GET /_wdt/7f78be?XDEBUG_IGNORE=1 HTTP/1.1" 404 515 "https://duofilms.media/" "Mozilla/5.0 (X11; Linux x86_64) AppleWebKit/537.36 (KHTML, like Gecko) Chrome/131.0.0.0 Safari/537.36"
102.208.150.162 - - [10/Dec/2024:20:25:32 +0000] "GET /_wdt/0c1e9f?XDEBUG_IGNORE=1 HTTP/1.1" 404 515 "https://duofilms.media/" "Mozilla/5.0 (iPhone; CPU iPhone OS 18_1_1 like Mac OS X) AppleWebKit/605.1.15 (KHTML, like Gecko) Version/18.1.1 Mobile/15E148 Safari/604.1"
91.175.58.202 - - [10/Dec/2024:20:25:32 +0000] "GET /_wdt/7f78be?XDEBUG_IGNORE=1 HTTP/1.1" 404 515 "https://duofilms.media/" "Mozilla/5.0 (X11; Linux x86_64) AppleWebKit/537.36 (KHTML, like Gecko) Chrome/131.0.0.0 Safari/537.36"
91.175.58.202 - - [10/Dec/2024:20:25:33 +0000] "GET /_wdt/7f78be?XDEBUG_IGNORE=1 HTTP/1.1" 404 515 "https://duofilms.media/" "Mozilla/5.0 (X11; Linux x86_64) AppleWebKit/537.36 (KHTML, like Gecko) Chrome/131.0.0.0 Safari/537.36"
102.208.150.162 - - [10/Dec/2024:20:25:33 +0000] "GET /_wdt/0c1e9f?XDEBUG_IGNORE=1 HTTP/1.1" 404 515 "https://duofilms.media/" "Mozilla/5.0 (iPhone; CPU iPhone OS 18_1_1 like Mac OS X) AppleWebKit/605.1.15 (KHTML, like Gecko) Version/18.1.1 Mobile/15E148 Safari/604.1"
91.175.58.202 - - [10/Dec/2024:20:25:34 +0000] "GET /_wdt/7f78be?XDEBUG_IGNORE=1 HTTP/1.1" 404 515 "https://duofilms.media/" "Mozilla/5.0 (X11; Linux x86_64) AppleWebKit/537.36 (KHTML, like Gecko) Chrome/131.0.0.0 Safari/537.36"
102.208.150.162 - - [10/Dec/2024:20:25:34 +0000] "GET /_wdt/0c1e9f?XDEBUG_IGNORE=1 HTTP/1.1" 404 515 "https://duofilms.media/" "Mozilla/5.0 (iPhone; CPU iPhone OS 18_1_1 like Mac OS X) AppleWebKit/605.1.15 (KHTML, like Gecko) Version/18.1.1 Mobile/15E148 Safari/604.1"
91.175.58.202 - - [10/Dec/2024:20:25:35 +0000] "GET /_wdt/7f78be?XDEBUG_IGNORE=1 HTTP/1.1" 404 515 "https://duofilms.media/" "Mozilla/5.0 (X11; Linux x86_64) AppleWebKit/537.36 (KHTML, like Gecko) Chrome/131.0.0.0 Safari/537.36"
102.208.150.162 - - [10/Dec/2024:20:25:36 +0000] "GET /_wdt/0c1e9f?XDEBUG_IGNORE=1 HTTP/1.1" 404 515 "https://duofilms.media/" "Mozilla/5.0 (iPhone; CPU iPhone OS 18_1_1 like Mac OS X) AppleWebKit/605.1.15 (KHTML, like Gecko) Version/18.1.1 Mobile/15E148 Safari/604.1"
91.175.58.202 - - [10/Dec/2024:20:25:36 +0000] "GET /_wdt/7f78be?XDEBUG_IGNORE=1 HTTP/1.1" 404 515 "https://duofilms.media/" "Mozilla/5.0 (X11; Linux x86_64) AppleWebKit/537.36 (KHTML, like Gecko) Chrome/131.0.0.0 Safari/537.36"
102.208.150.162 - - [10/Dec/2024:20:25:37 +0000] "GET /_wdt/0c1e9f?XDEBUG_IGNORE=1 HTTP/1.1" 404 515 "https://duofilms.media/" "Mozilla/5.0 (iPhone; CPU iPhone OS 18_1_1 like Mac OS X) AppleWebKit/605.1.15 (KHTML, like Gecko) Version/18.1.1 Mobile/15E148 Safari/604.1"
91.175.58.202 - - [10/Dec/2024:20:25:37 +0000] "GET /_wdt/7f78be?XDEBUG_IGNORE=1 HTTP/1.1" 404 515 "https://duofilms.media/" "Mozilla/5.0 (X11; Linux x86_64) AppleWebKit/537.36 (KHTML, like Gecko) Chrome/131.0.0.0 Safari/537.36"
102.208.150.162 - - [10/Dec/2024:20:25:38 +0000] "GET /_wdt/0c1e9f?XDEBUG_IGNORE=1 HTTP/1.1" 404 515 "https://duofilms.media/" "Mozilla/5.0 (iPhone; CPU iPhone OS 18_1_1 like Mac OS X) AppleWebKit/605.1.15 (KHTML, like Gecko) Version/18.1.1 Mobile/15E148 Safari/604.1"
91.175.58.202 - - [10/Dec/2024:20:25:38 +0000] "GET /_wdt/7f78be?XDEBUG_IGNORE=1 HTTP/1.1" 404 515 "https://duofilms.media/" "Mozilla/5.0 (X11; Linux x86_64) AppleWebKit/537.36 (KHTML, like Gecko) Chrome/131.0.0.0 Safari/537.36"
102.208.150.162 - - [10/Dec/2024:20:25:39 +0000] "GET /_wdt/0c1e9f?XDEBUG_IGNORE=1 HTTP/1.1" 404 515 "https://duofilms.media/" "Mozilla/5.0 (iPhone; CPU iPhone OS 18_1_1 like Mac OS X) AppleWebKit/605.1.15 (KHTML, like Gecko) Version/18.1.1 Mobile/15E148 Safari/604.1"
91.175.58.202 - - [10/Dec/2024:20:25:39 +0000] "GET /_wdt/7f78be?XDEBUG_IGNORE=1 HTTP/1.1" 404 515 "https://duofilms.media/" "Mozilla/5.0 (X11; Linux x86_64) AppleWebKit/537.36 (KHTML, like Gecko) Chrome/131.0.0.0 Safari/537.36"
102.208.150.162 - - [10/Dec/2024:20:25:40 +0000] "GET /_wdt/0c1e9f?XDEBUG_IGNORE=1 HTTP/1.1" 404 515 "https://duofilms.media/" "Mozilla/5.0 (iPhone; CPU iPhone OS 18_1_1 like Mac OS X) AppleWebKit/605.1.15 (KHTML, like Gecko) Version/18.1.1 Mobile/15E148 Safari/604.1"
91.175.58.202 - - [10/Dec/2024:20:25:40 +0000] "GET /_wdt/7f78be?XDEBUG_IGNORE=1 HTTP/1.1" 404 515 "https://duofilms.media/" "Mozilla/5.0 (X11; Linux x86_64) AppleWebKit/537.36 (KHTML, like Gecko) Chrome/131.0.0.0 Safari/537.36"
102.208.150.162 - - [10/Dec/2024:20:25:41 +0000] "GET /_wdt/0c1e9f?XDEBUG_IGNORE=1 HTTP/1.1" 404 515 "https://duofilms.media/" "Mozilla/5.0 (iPhone; CPU iPhone OS 18_1_1 like Mac OS X) AppleWebKit/605.1.15 (KHTML, like Gecko) Version/18.1.1 Mobile/15E148 Safari/604.1"
91.175.58.202 - - [10/Dec/2024:20:25:41 +0000] "GET /_wdt/7f78be?XDEBUG_IGNORE=1 HTTP/1.1" 404 515 "https://duofilms.media/" "Mozilla/5.0 (X11; Linux x86_64) AppleWebKit/537.36 (KHTML, like Gecko) Chrome/131.0.0.0 Safari/537.36"
91.175.58.202 - - [10/Dec/2024:20:25:43 +0000] "GET /_wdt/7f78be?XDEBUG_IGNORE=1 HTTP/1.1" 404 515 "https://duofilms.media/" "Mozilla/5.0 (X11; Linux x86_64) AppleWebKit/537.36 (KHTML, like Gecko) Chrome/131.0.0.0 Safari/537.36"
102.208.150.162 - - [10/Dec/2024:20:25:43 +0000] "GET /_wdt/0c1e9f?XDEBUG_IGNORE=1 HTTP/1.1" 404 515 "https://duofilms.media/" "Mozilla/5.0 (iPhone; CPU iPhone OS 18_1_1 like Mac OS X) AppleWebKit/605.1.15 (KHTML, like Gecko) Version/18.1.1 Mobile/15E148 Safari/604.1"
91.175.58.202 - - [10/Dec/2024:20:25:44 +0000] "GET /_wdt/7f78be?XDEBUG_IGNORE=1 HTTP/1.1" 404 515 "https://duofilms.media/" "Mozilla/5.0 (X11; Linux x86_64) AppleWebKit/537.36 (KHTML, like Gecko) Chrome/131.0.0.0 Safari/537.36"
102.208.150.162 - - [10/Dec/2024:20:25:44 +0000] "GET /_wdt/0c1e9f?XDEBUG_IGNORE=1 HTTP/1.1" 404 515 "https://duofilms.media/" "Mozilla/5.0 (iPhone; CPU iPhone OS 18_1_1 like Mac OS X) AppleWebKit/605.1.15 (KHTML, like Gecko) Version/18.1.1 Mobile/15E148 Safari/604.1"
91.175.58.202 - - [10/Dec/2024:20:25:45 +0000] "GET /_wdt/7f78be?XDEBUG_IGNORE=1 HTTP/1.1" 404 515 "https://duofilms.media/" "Mozilla/5.0 (X11; Linux x86_64) AppleWebKit/537.36 (KHTML, like Gecko) Chrome/131.0.0.0 Safari/537.36"
102.208.150.162 - - [10/Dec/2024:20:25:45 +0000] "GET /_wdt/0c1e9f?XDEBUG_IGNORE=1 HTTP/1.1" 404 515 "https://duofilms.media/" "Mozilla/5.0 (iPhone; CPU iPhone OS 18_1_1 like Mac OS X) AppleWebKit/605.1.15 (KHTML, like Gecko) Version/18.1.1 Mobile/15E148 Safari/604.1"
91.175.58.202 - - [10/Dec/2024:20:25:46 +0000] "GET /_wdt/7f78be?XDEBUG_IGNORE=1 HTTP/1.1" 404 515 "https://duofilms.media/" "Mozilla/5.0 (X11; Linux x86_64) AppleWebKit/537.36 (KHTML, like Gecko) Chrome/131.0.0.0 Safari/537.36"
102.208.150.162 - - [10/Dec/2024:20:25:46 +0000] "GET /_wdt/0c1e9f?XDEBUG_IGNORE=1 HTTP/1.1" 404 515 "https://duofilms.media/" "Mozilla/5.0 (iPhone; CPU iPhone OS 18_1_1 like Mac OS X) AppleWebKit/605.1.15 (KHTML, like Gecko) Version/18.1.1 Mobile/15E148 Safari/604.1"
91.175.58.202 - - [10/Dec/2024:20:25:47 +0000] "GET /_wdt/7f78be?XDEBUG_IGNORE=1 HTTP/1.1" 404 515 "https://duofilms.media/" "Mozilla/5.0 (X11; Linux x86_64) AppleWebKit/537.36 (KHTML, like Gecko) Chrome/131.0.0.0 Safari/537.36"
102.208.150.162 - - [10/Dec/2024:20:25:48 +0000] "GET /_wdt/0c1e9f?XDEBUG_IGNORE=1 HTTP/1.1" 404 515 "https://duofilms.media/" "Mozilla/5.0 (iPhone; CPU iPhone OS 18_1_1 like Mac OS X) AppleWebKit/605.1.15 (KHTML, like Gecko) Version/18.1.1 Mobile/15E148 Safari/604.1"
91.175.58.202 - - [10/Dec/2024:20:25:48 +0000] "GET /_wdt/7f78be?XDEBUG_IGNORE=1 HTTP/1.1" 404 515 "https://duofilms.media/" "Mozilla/5.0 (X11; Linux x86_64) AppleWebKit/537.36 (KHTML, like Gecko) Chrome/131.0.0.0 Safari/537.36"
91.175.58.202 - - [10/Dec/2024:20:25:49 +0000] "GET /_wdt/7f78be?XDEBUG_IGNORE=1 HTTP/1.1" 404 515 "https://duofilms.media/" "Mozilla/5.0 (X11; Linux x86_64) AppleWebKit/537.36 (KHTML, like Gecko) Chrome/131.0.0.0 Safari/537.36"
102.208.150.162 - - [10/Dec/2024:20:25:49 +0000] "GET /_wdt/0c1e9f?XDEBUG_IGNORE=1 HTTP/1.1" 404 515 "https://duofilms.media/" "Mozilla/5.0 (iPhone; CPU iPhone OS 18_1_1 like Mac OS X) AppleWebKit/605.1.15 (KHTML, like Gecko) Version/18.1.1 Mobile/15E148 Safari/604.1"
91.175.58.202 - - [10/Dec/2024:20:25:50 +0000] "GET /_wdt/7f78be?XDEBUG_IGNORE=1 HTTP/1.1" 404 515 "https://duofilms.media/" "Mozilla/5.0 (X11; Linux x86_64) AppleWebKit/537.36 (KHTML, like Gecko) Chrome/131.0.0.0 Safari/537.36"
102.208.150.162 - - [10/Dec/2024:20:25:50 +0000] "GET /_wdt/0c1e9f?XDEBUG_IGNORE=1 HTTP/1.1" 404 515 "https://duofilms.media/" "Mozilla/5.0 (iPhone; CPU iPhone OS 18_1_1 like Mac OS X) AppleWebKit/605.1.15 (KHTML, like Gecko) Version/18.1.1 Mobile/15E148 Safari/604.1"
91.175.58.202 - - [10/Dec/2024:20:25:51 +0000] "GET /_wdt/7f78be?XDEBUG_IGNORE=1 HTTP/1.1" 404 515 "https://duofilms.media/" "Mozilla/5.0 (X11; Linux x86_64) AppleWebKit/537.36 (KHTML, like Gecko) Chrome/131.0.0.0 Safari/537.36"
102.208.150.162 - - [10/Dec/2024:20:25:51 +0000] "GET /_wdt/0c1e9f?XDEBUG_IGNORE=1 HTTP/1.1" 404 515 "https://duofilms.media/" "Mozilla/5.0 (iPhone; CPU iPhone OS 18_1_1 like Mac OS X) AppleWebKit/605.1.15 (KHTML, like Gecko) Version/18.1.1 Mobile/15E148 Safari/604.1"
91.175.58.202 - - [10/Dec/2024:20:25:51 +0000] "GET /_profiler/7f78be?panel=request HTTP/1.1" 404 515 "https://duofilms.media/" "Mozilla/5.0 (X11; Linux x86_64) AppleWebKit/537.36 (KHTML, like Gecko) Chrome/131.0.0.0 Safari/537.36"
102.208.150.162 - - [10/Dec/2024:20:25:52 +0000] "GET /_wdt/0c1e9f?XDEBUG_IGNORE=1 HTTP/1.1" 404 515 "https://duofilms.media/" "Mozilla/5.0 (iPhone; CPU iPhone OS 18_1_1 like Mac OS X) AppleWebKit/605.1.15 (KHTML, like Gecko) Version/18.1.1 Mobile/15E148 Safari/604.1"
102.208.150.162 - - [10/Dec/2024:20:25:53 +0000] "GET /_wdt/0c1e9f?XDEBUG_IGNORE=1 HTTP/1.1" 404 515 "https://duofilms.media/" "Mozilla/5.0 (iPhone; CPU iPhone OS 18_1_1 like Mac OS X) AppleWebKit/605.1.15 (KHTML, like Gecko) Version/18.1.1 Mobile/15E148 Safari/604.1"
91.175.58.202 - - [10/Dec/2024:20:25:54 +0000] "GET /assets/styles/app-3ERz8UN.css HTTP/1.1" 404 515 "https://duofilms.media/" "Mozilla/5.0 (X11; Linux x86_64) AppleWebKit/537.36 (KHTML, like Gecko) Chrome/131.0.0.0 Safari/537.36"
91.175.58.202 - - [10/Dec/2024:20:25:54 +0000] "GET /_wdt/7f78be?XDEBUG_IGNORE=1 HTTP/1.1" 404 515 "https://duofilms.media/" "Mozilla/5.0 (X11; Linux x86_64) AppleWebKit/537.36 (KHTML, like Gecko) Chrome/131.0.0.0 Safari/537.36"
91.175.58.202 - - [10/Dec/2024:20:25:54 +0000] "GET /_wdt/7f78be?XDEBUG_IGNORE=1 HTTP/1.1" 404 515 "https://duofilms.media/" "Mozilla/5.0 (X11; Linux x86_64) AppleWebKit/537.36 (KHTML, like Gecko) Chrome/131.0.0.0 Safari/537.36"
102.208.150.162 - - [10/Dec/2024:20:25:54 +0000] "GET /_wdt/0c1e9f?XDEBUG_IGNORE=1 HTTP/1.1" 404 515 "https://duofilms.media/" "Mozilla/5.0 (iPhone; CPU iPhone OS 18_1_1 like Mac OS X) AppleWebKit/605.1.15 (KHTML, like Gecko) Version/18.1.1 Mobile/15E148 Safari/604.1"
91.175.58.202 - - [10/Dec/2024:20:25:55 +0000] "GET /_wdt/7f78be?XDEBUG_IGNORE=1 HTTP/1.1" 404 515 "https://duofilms.media/" "Mozilla/5.0 (X11; Linux x86_64) AppleWebKit/537.36 (KHTML, like Gecko) Chrome/131.0.0.0 Safari/537.36"
102.208.150.162 - - [10/Dec/2024:20:25:56 +0000] "GET /_wdt/0c1e9f?XDEBUG_IGNORE=1 HTTP/1.1" 404 515 "https://duofilms.media/" "Mozilla/5.0 (iPhone; CPU iPhone OS 18_1_1 like Mac OS X) AppleWebKit/605.1.15 (KHTML, like Gecko) Version/18.1.1 Mobile/15E148 Safari/604.1"
91.175.58.202 - - [10/Dec/2024:20:25:56 +0000] "GET /_wdt/7f78be?XDEBUG_IGNORE=1 HTTP/1.1" 404 515 "https://duofilms.media/" "Mozilla/5.0 (X11; Linux x86_64) AppleWebKit/537.36 (KHTML, like Gecko) Chrome/131.0.0.0 Safari/537.36"
102.208.150.162 - - [10/Dec/2024:20:25:57 +0000] "GET /_wdt/0c1e9f?XDEBUG_IGNORE=1 HTTP/1.1" 404 515 "https://duofilms.media/" "Mozilla/5.0 (iPhone; CPU iPhone OS 18_1_1 like Mac OS X) AppleWebKit/605.1.15 (KHTML, like Gecko) Version/18.1.1 Mobile/15E148 Safari/604.1"
91.175.58.202 - - [10/Dec/2024:20:25:57 +0000] "GET /_wdt/7f78be?XDEBUG_IGNORE=1 HTTP/1.1" 404 515 "https://duofilms.media/" "Mozilla/5.0 (X11; Linux x86_64) AppleWebKit/537.36 (KHTML, like Gecko) Chrome/131.0.0.0 Safari/537.36"
102.208.150.162 - - [10/Dec/2024:20:25:57 +0000] "GET /portofolio HTTP/1.1" 404 515 "https://duofilms.media/" "Mozilla/5.0 (iPhone; CPU iPhone OS 18_1_1 like Mac OS X) AppleWebKit/605.1.15 (KHTML, like Gecko) Version/18.1.1 Mobile/15E148 Safari/604.1"
91.175.58.202 - - [10/Dec/2024:20:25:58 +0000] "GET /_wdt/7f78be?XDEBUG_IGNORE=1 HTTP/1.1" 404 515 "https://duofilms.media/" "Mozilla/5.0 (X11; Linux x86_64) AppleWebKit/537.36 (KHTML, like Gecko) Chrome/131.0.0.0 Safari/537.36"
91.175.58.202 - - [10/Dec/2024:20:25:59 +0000] "GET /_wdt/7f78be?XDEBUG_IGNORE=1 HTTP/1.1" 404 515 "https://duofilms.media/" "Mozilla/5.0 (X11; Linux x86_64) AppleWebKit/537.36 (KHTML, like Gecko) Chrome/131.0.0.0 Safari/537.36"
91.175.58.202 - - [10/Dec/2024:20:26:00 +0000] "GET /portofolio HTTP/1.1" 404 515 "https://duofilms.media/" "Mozilla/5.0 (X11; Linux x86_64) AppleWebKit/537.36 (KHTML, like Gecko) Chrome/131.0.0.0 Safari/537.36"
102.208.150.162 - - [10/Dec/2024:20:26:00 +0000] "GET /_wdt/0c1e9f?XDEBUG_IGNORE=1 HTTP/1.1" 404 515 "https://duofilms.media/" "Mozilla/5.0 (iPhone; CPU iPhone OS 18_1_1 like Mac OS X) AppleWebKit/605.1.15 (KHTML, like Gecko) Version/18.1.1 Mobile/15E148 Safari/604.1"
91.175.58.202 - - [10/Dec/2024:20:26:01 +0000] "GET /_wdt/7f78be?XDEBUG_IGNORE=1 HTTP/1.1" 404 515 "https://duofilms.media/" "Mozilla/5.0 (X11; Linux x86_64) AppleWebKit/537.36 (KHTML, like Gecko) Chrome/131.0.0.0 Safari/537.36"
102.208.150.162 - - [10/Dec/2024:20:26:02 +0000] "GET /_wdt/0c1e9f?XDEBUG_IGNORE=1 HTTP/1.1" 404 515 "https://duofilms.media/" "Mozilla/5.0 (iPhone; CPU iPhone OS 18_1_1 like Mac OS X) AppleWebKit/605.1.15 (KHTML, like Gecko) Version/18.1.1 Mobile/15E148 Safari/604.1"
91.175.58.202 - - [10/Dec/2024:20:26:02 +0000] "GET /_wdt/7f78be?XDEBUG_IGNORE=1 HTTP/1.1" 404 515 "https://duofilms.media/" "Mozilla/5.0 (X11; Linux x86_64) AppleWebKit/537.36 (KHTML, like Gecko) Chrome/131.0.0.0 Safari/537.36"
102.208.150.162 - - [10/Dec/2024:20:26:03 +0000] "GET /_wdt/0c1e9f?XDEBUG_IGNORE=1 HTTP/1.1" 404 515 "https://duofilms.media/" "Mozilla/5.0 (iPhone; CPU iPhone OS 18_1_1 like Mac OS X) AppleWebKit/605.1.15 (KHTML, like Gecko) Version/18.1.1 Mobile/15E148 Safari/604.1"
91.175.58.202 - - [10/Dec/2024:20:26:03 +0000] "GET /_wdt/7f78be?XDEBUG_IGNORE=1 HTTP/1.1" 404 515 "https://duofilms.media/" "Mozilla/5.0 (X11; Linux x86_64) AppleWebKit/537.36 (KHTML, like Gecko) Chrome/131.0.0.0 Safari/537.36"
102.208.150.162 - - [10/Dec/2024:20:26:04 +0000] "GET /_wdt/0c1e9f?XDEBUG_IGNORE=1 HTTP/1.1" 404 515 "https://duofilms.media/" "Mozilla/5.0 (iPhone; CPU iPhone OS 18_1_1 like Mac OS X) AppleWebKit/605.1.15 (KHTML, like Gecko) Version/18.1.1 Mobile/15E148 Safari/604.1"
91.175.58.202 - - [10/Dec/2024:20:26:04 +0000] "GET /_wdt/7f78be?XDEBUG_IGNORE=1 HTTP/1.1" 404 515 "https://duofilms.media/" "Mozilla/5.0 (X11; Linux x86_64) AppleWebKit/537.36 (KHTML, like Gecko) Chrome/131.0.0.0 Safari/537.36"
102.208.150.162 - - [10/Dec/2024:20:26:05 +0000] "GET /_wdt/0c1e9f?XDEBUG_IGNORE=1 HTTP/1.1" 404 515 "https://duofilms.media/" "Mozilla/5.0 (iPhone; CPU iPhone OS 18_1_1 like Mac OS X) AppleWebKit/605.1.15 (KHTML, like Gecko) Version/18.1.1 Mobile/15E148 Safari/604.1"
91.175.58.202 - - [10/Dec/2024:20:26:05 +0000] "GET /_wdt/7f78be?XDEBUG_IGNORE=1 HTTP/1.1" 404 515 "https://duofilms.media/" "Mozilla/5.0 (X11; Linux x86_64) AppleWebKit/537.36 (KHTML, like Gecko) Chrome/131.0.0.0 Safari/537.36"
102.208.150.162 - - [10/Dec/2024:20:26:06 +0000] "GET /_wdt/0c1e9f?XDEBUG_IGNORE=1 HTTP/1.1" 404 515 "https://duofilms.media/" "Mozilla/5.0 (iPhone; CPU iPhone OS 18_1_1 like Mac OS X) AppleWebKit/605.1.15 (KHTML, like Gecko) Version/18.1.1 Mobile/15E148 Safari/604.1"
172.226.28.20 - - [10/Dec/2024:20:26:06 +0000] "GET /_wdt/247d6b?XDEBUG_IGNORE=1 HTTP/1.1" 404 3086 "https://duofilms.media/" "Mozilla/5.0 (iPhone; CPU iPhone OS 18_1_1 like Mac OS X) AppleWebKit/605.1.15 (KHTML, like Gecko) Version/18.1.1 Mobile/15E148 Safari/604.1"
91.175.58.202 - - [10/Dec/2024:20:26:06 +0000] "GET /_wdt/7f78be?XDEBUG_IGNORE=1 HTTP/1.1" 404 515 "https://duofilms.media/" "Mozilla/5.0 (X11; Linux x86_64) AppleWebKit/537.36 (KHTML, like Gecko) Chrome/131.0.0.0 Safari/537.36"
102.208.150.162 - - [10/Dec/2024:20:26:07 +0000] "GET /_wdt/0c1e9f?XDEBUG_IGNORE=1 HTTP/1.1" 404 515 "https://duofilms.media/" "Mozilla/5.0 (iPhone; CPU iPhone OS 18_1_1 like Mac OS X) AppleWebKit/605.1.15 (KHTML, like Gecko) Version/18.1.1 Mobile/15E148 Safari/604.1"
91.175.58.202 - - [10/Dec/2024:20:26:07 +0000] "GET /_wdt/7f78be?XDEBUG_IGNORE=1 HTTP/1.1" 404 515 "https://duofilms.media/" "Mozilla/5.0 (X11; Linux x86_64) AppleWebKit/537.36 (KHTML, like Gecko) Chrome/131.0.0.0 Safari/537.36"
172.226.28.20 - - [10/Dec/2024:20:26:08 +0000] "GET /_wdt/247d6b?XDEBUG_IGNORE=1 HTTP/1.1" 404 3084 "https://duofilms.media/" "Mozilla/5.0 (iPhone; CPU iPhone OS 18_1_1 like Mac OS X) AppleWebKit/605.1.15 (KHTML, like Gecko) Version/18.1.1 Mobile/15E148 Safari/604.1"
91.175.58.202 - - [10/Dec/2024:20:26:08 +0000] "GET /_wdt/7f78be?XDEBUG_IGNORE=1 HTTP/1.1" 404 515 "https://duofilms.media/" "Mozilla/5.0 (X11; Linux x86_64) AppleWebKit/537.36 (KHTML, like Gecko) Chrome/131.0.0.0 Safari/537.36"
102.208.150.162 - - [10/Dec/2024:20:26:09 +0000] "GET /_wdt/0c1e9f?XDEBUG_IGNORE=1 HTTP/1.1" 404 515 "https://duofilms.media/" "Mozilla/5.0 (iPhone; CPU iPhone OS 18_1_1 like Mac OS X) AppleWebKit/605.1.15 (KHTML, like Gecko) Version/18.1.1 Mobile/15E148 Safari/604.1"
172.226.28.20 - - [10/Dec/2024:20:26:09 +0000] "GET /_wdt/247d6b?XDEBUG_IGNORE=1 HTTP/1.1" 404 515 "https://duofilms.media/" "Mozilla/5.0 (iPhone; CPU iPhone OS 18_1_1 like Mac OS X) AppleWebKit/605.1.15 (KHTML, like Gecko) Version/18.1.1 Mobile/15E148 Safari/604.1"
91.175.58.202 - - [10/Dec/2024:20:26:10 +0000] "GET /_wdt/7f78be?XDEBUG_IGNORE=1 HTTP/1.1" 404 515 "https://duofilms.media/" "Mozilla/5.0 (X11; Linux x86_64) AppleWebKit/537.36 (KHTML, like Gecko) Chrome/131.0.0.0 Safari/537.36"
172.226.28.20 - - [10/Dec/2024:20:26:10 +0000] "GET /_wdt/247d6b?XDEBUG_IGNORE=1 HTTP/1.1" 404 515 "https://duofilms.media/" "Mozilla/5.0 (iPhone; CPU iPhone OS 18_1_1 like Mac OS X) AppleWebKit/605.1.15 (KHTML, like Gecko) Version/18.1.1 Mobile/15E148 Safari/604.1"
102.208.150.162 - - [10/Dec/2024:20:26:10 +0000] "GET /_wdt/0c1e9f?XDEBUG_IGNORE=1 HTTP/1.1" 404 515 "https://duofilms.media/" "Mozilla/5.0 (iPhone; CPU iPhone OS 18_1_1 like Mac OS X) AppleWebKit/605.1.15 (KHTML, like Gecko) Version/18.1.1 Mobile/15E148 Safari/604.1"
91.175.58.202 - - [10/Dec/2024:20:26:11 +0000] "GET /_wdt/7f78be?XDEBUG_IGNORE=1 HTTP/1.1" 404 515 "https://duofilms.media/" "Mozilla/5.0 (X11; Linux x86_64) AppleWebKit/537.36 (KHTML, like Gecko) Chrome/131.0.0.0 Safari/537.36"
172.226.28.20 - - [10/Dec/2024:20:26:11 +0000] "GET /_wdt/247d6b?XDEBUG_IGNORE=1 HTTP/1.1" 404 515 "https://duofilms.media/" "Mozilla/5.0 (iPhone; CPU iPhone OS 18_1_1 like Mac OS X) AppleWebKit/605.1.15 (KHTML, like Gecko) Version/18.1.1 Mobile/15E148 Safari/604.1"
102.208.150.162 - - [10/Dec/2024:20:26:11 +0000] "GET /_wdt/0c1e9f?XDEBUG_IGNORE=1 HTTP/1.1" 404 515 "https://duofilms.media/" "Mozilla/5.0 (iPhone; CPU iPhone OS 18_1_1 like Mac OS X) AppleWebKit/605.1.15 (KHTML, like Gecko) Version/18.1.1 Mobile/15E148 Safari/604.1"
91.175.58.202 - - [10/Dec/2024:20:26:12 +0000] "GET /_wdt/7f78be?XDEBUG_IGNORE=1 HTTP/1.1" 404 515 "https://duofilms.media/" "Mozilla/5.0 (X11; Linux x86_64) AppleWebKit/537.36 (KHTML, like Gecko) Chrome/131.0.0.0 Safari/537.36"
172.226.28.20 - - [10/Dec/2024:20:26:12 +0000] "GET /portofolio HTTP/1.1" 404 515 "https://duofilms.media/" "Mozilla/5.0 (iPhone; CPU iPhone OS 18_1_1 like Mac OS X) AppleWebKit/605.1.15 (KHTML, like Gecko) Version/18.1.1 Mobile/15E148 Safari/604.1"
102.208.150.162 - - [10/Dec/2024:20:26:12 +0000] "GET /_wdt/0c1e9f?XDEBUG_IGNORE=1 HTTP/1.1" 404 515 "https://duofilms.media/" "Mozilla/5.0 (iPhone; CPU iPhone OS 18_1_1 like Mac OS X) AppleWebKit/605.1.15 (KHTML, like Gecko) Version/18.1.1 Mobile/15E148 Safari/604.1"
91.175.58.202 - - [10/Dec/2024:20:26:13 +0000] "GET /_wdt/7f78be?XDEBUG_IGNORE=1 HTTP/1.1" 404 515 "https://duofilms.media/" "Mozilla/5.0 (X11; Linux x86_64) AppleWebKit/537.36 (KHTML, like Gecko) Chrome/131.0.0.0 Safari/537.36"
172.226.28.20 - - [10/Dec/2024:20:26:13 +0000] "GET /_wdt/247d6b?XDEBUG_IGNORE=1 HTTP/1.1" 404 515 "https://duofilms.media/" "Mozilla/5.0 (iPhone; CPU iPhone OS 18_1_1 like Mac OS X) AppleWebKit/605.1.15 (KHTML, like Gecko) Version/18.1.1 Mobile/15E148 Safari/604.1"
91.175.58.202 - - [10/Dec/2024:20:26:14 +0000] "GET /_wdt/7f78be?XDEBUG_IGNORE=1 HTTP/1.1" 404 515 "https://duofilms.media/" "Mozilla/5.0 (X11; Linux x86_64) AppleWebKit/537.36 (KHTML, like Gecko) Chrome/131.0.0.0 Safari/537.36"
102.208.150.162 - - [10/Dec/2024:20:26:14 +0000] "GET /_wdt/0c1e9f?XDEBUG_IGNORE=1 HTTP/1.1" 404 515 "https://duofilms.media/" "Mozilla/5.0 (iPhone; CPU iPhone OS 18_1_1 like Mac OS X) AppleWebKit/605.1.15 (KHTML, like Gecko) Version/18.1.1 Mobile/15E148 Safari/604.1"
172.226.28.20 - - [10/Dec/2024:20:26:14 +0000] "GET /_wdt/247d6b?XDEBUG_IGNORE=1 HTTP/1.1" 404 515 "https://duofilms.media/" "Mozilla/5.0 (iPhone; CPU iPhone OS 18_1_1 like Mac OS X) AppleWebKit/605.1.15 (KHTML, like Gecko) Version/18.1.1 Mobile/15E148 Safari/604.1"
